[    0.000000] Initializing cgroup subsys cpuset
[    0.000000] Initializing cgroup subsys cpu
[    0.000000] Initializing cgroup subsys cpuacct
[    0.000000] Linux version 4.4.0-210-generic (buildd@lgw01-amd64-009) (gcc version 5.4.0 20160609 (Ubuntu 5.4.0-6ubuntu1~16.04.12) ) #242-Ubuntu SMP Fri Apr 16 09:57:56 UTC 2021 (Ubuntu 4.4.0-210.242-generic 4.4.262)
[    0.000000] Command line: BOOT_IMAGE=/boot/vmlinuz-4.4.0-210-generic root=LABEL=cloudimg-rootfs ro console=tty1 console=ttyS0
[    0.000000] KERNEL supported cpus:
[    0.000000]   Intel GenuineIntel
[    0.000000]   AMD AuthenticAMD
[    0.000000]   Centaur CentaurHauls
[    0.000000] x86/fpu: Legacy x87 FPU detected.
[    0.000000] e820: BIOS-provided physical RAM map:
[    0.000000] BIOS-e820: [mem 0x0000000000000000-0x000000000009fbff] usable
[    0.000000] BIOS-e820: [mem 0x000000000009fc00-0x000000000009ffff] reserved
[    0.000000] BIOS-e820: [mem 0x00000000000f0000-0x00000000000fffff] reserved
[    0.000000] BIOS-e820: [mem 0x0000000000100000-0x000000003ffeffff] usable
[    0.000000] BIOS-e820: [mem 0x000000003fff0000-0x000000003fffffff] ACPI data
[    0.000000] BIOS-e820: [mem 0x00000000fec00000-0x00000000fec00fff] reserved
[    0.000000] BIOS-e820: [mem 0x00000000fee00000-0x00000000fee00fff] reserved
[    0.000000] BIOS-e820: [mem 0x00000000fffc0000-0x00000000ffffffff] reserved
[    0.000000] NX (Execute Disable) protection: active
[    0.000000] SMBIOS 2.5 present.
[    0.000000] Hypervisor detected: KVM
[    0.000000] Kernel/User page tables isolation: disabled
[    0.000000] e820: last_pfn = 0x3fff0 max_arch_pfn = 0x400000000
[    0.000000] MTRR: Disabled
[    0.000000] x86/PAT: MTRRs disabled, skipping PAT initialization too.
[    0.000000] CPU MTRRs all blank - virtualized system.
[    0.000000] x86/PAT: Configuration [0-7]: WB  WT  UC- UC  WB  WT  UC- UC  
[    0.000000] found SMP MP-table at [mem 0x0009fff0-0x0009ffff] mapped at [ffff88000009fff0]
[    0.000000] Scanning 1 areas for low memory corruption
[    0.000000] RAMDISK: [mem 0x362dc000-0x37165fff]
[    0.000000] ACPI: Early table checksum verification disabled
[    0.000000] ACPI: RSDP 0x00000000000E0000 000024 (v02 VBOX  )
[    0.000000] ACPI: XSDT 0x000000003FFF0030 00003C (v01 VBOX   VBOXXSDT 00000001 ASL  00000061)
[    0.000000] ACPI: FACP 0x000000003FFF00F0 0000F4 (v04 VBOX   VBOXFACP 00000001 ASL  00000061)
[    0.000000] ACPI: DSDT 0x000000003FFF0470 002325 (v02 VBOX   VBOXBIOS 00000002 INTL 20100528)
[    0.000000] ACPI: FACS 0x000000003FFF0200 000040
[    0.000000] ACPI: FACS 0x000000003FFF0200 000040
[    0.000000] ACPI: APIC 0x000000003FFF0240 00005C (v02 VBOX   VBOXAPIC 00000001 ASL  00000061)
[    0.000000] ACPI: SSDT 0x000000003FFF02A0 0001CC (v01 VBOX   VBOXCPUT 00000002 INTL 20100528)
[    0.000000] No NUMA configuration found
[    0.000000] Faking a node at [mem 0x0000000000000000-0x000000003ffeffff]
[    0.000000] NODE_DATA(0) allocated [mem 0x3ffeb000-0x3ffeffff]
[    0.000000] kvm-clock: Using msrs 4b564d01 and 4b564d00
[    0.000000] kvm-clock: cpu 0, msr 0:3ffe3001, primary cpu clock
[    0.000000] kvm-clock: using sched offset of 3938310091 cycles
[    0.000000] clocksource: kvm-clock: mask: 0xffffffffffffffff max_cycles: 0x1cd42e4dffb, max_idle_ns: 881590591483 ns
[    0.000000] Zone ranges:
[    0.000000]   DMA      [mem 0x0000000000001000-0x0000000000ffffff]
[    0.000000]   DMA32    [mem 0x0000000001000000-0x000000003ffeffff]
[    0.000000]   Normal   empty
[    0.000000]   Device   empty
[    0.000000] Movable zone start for each node
[    0.000000] Early memory node ranges
[    0.000000]   node   0: [mem 0x0000000000001000-0x000000000009efff]
[    0.000000]   node   0: [mem 0x0000000000100000-0x000000003ffeffff]
[    0.000000] Initmem setup node 0 [mem 0x0000000000001000-0x000000003ffeffff]
[    0.000000] ACPI: PM-Timer IO Port: 0x4008
[    0.000000] IOAPIC[0]: apic_id 2, version 32, address 0xfec00000, GSI 0-23
[    0.000000] ACPI: INT_SRC_OVR (bus 0 bus_irq 0 global_irq 2 dfl dfl)
[    0.000000] ACPI: INT_SRC_OVR (bus 0 bus_irq 9 global_irq 9 low level)
[    0.000000] Using ACPI (MADT) for SMP configuration information
[    0.000000] smpboot: Allowing 2 CPUs, 0 hotplug CPUs
[    0.000000] PM: Registered nosave memory: [mem 0x00000000-0x00000fff]
[    0.000000] PM: Registered nosave memory: [mem 0x0009f000-0x0009ffff]
[    0.000000] PM: Registered nosave memory: [mem 0x000a0000-0x000effff]
[    0.000000] PM: Registered nosave memory: [mem 0x000f0000-0x000fffff]
[    0.000000] e820: [mem 0x40000000-0xfebfffff] available for PCI devices
[    0.000000] Booting paravirtualized kernel on KVM
[    0.000000] clocksource: refined-jiffies: mask: 0xffffffff max_cycles: 0xffffffff, max_idle_ns: 7645519600211568 ns
[    0.000000] setup_percpu: NR_CPUS:512 nr_cpumask_bits:512 nr_cpu_ids:2 nr_node_ids:1
[    0.000000] PERCPU: Embedded 33 pages/cpu @ffff88003fc00000 s95192 r8192 d31784 u1048576
[    0.000000] Built 1 zonelists in Node order, mobility grouping on.  Total pages: 257912
[    0.000000] Policy zone: DMA32
[    0.000000] Kernel command line: BOOT_IMAGE=/boot/vmlinuz-4.4.0-210-generic root=LABEL=cloudimg-rootfs ro console=tty1 console=ttyS0
[    0.000000] PID hash table entries: 4096 (order: 3, 32768 bytes)
[    0.000000] Memory: 997792K/1048120K available (8644K kernel code, 1332K rwdata, 4044K rodata, 1492K init, 1164K bss, 50328K reserved, 0K cma-reserved)
[    0.000000] SLUB: HWalign=64, Order=0-3, MinObjects=0, CPUs=2, Nodes=1
[    0.000000] Hierarchical RCU implementation.
[    0.000000] 	Build-time adjustment of leaf fanout to 64.
[    0.000000] 	RCU restricting CPUs from NR_CPUS=512 to nr_cpu_ids=2.
[    0.000000] RCU: Adjusting geometry for rcu_fanout_leaf=64, nr_cpu_ids=2
[    0.000000] NR_IRQS:33024 nr_irqs:440 16
[    0.000000] Console: colour VGA+ 80x25
[    0.000000] console [tty1] enabled
[    0.000000] console [ttyS0] enabled
[    0.000000] tsc: Detected 1689.599 MHz processor
[    0.672537] Calibrating delay loop (skipped) preset value.. 3379.19 BogoMIPS (lpj=6758396)
[    0.680723] pid_max: default: 32768 minimum: 301
[    0.685627] ACPI: Core revision 20150930
[    0.690883] ACPI: 2 ACPI AML tables successfully acquired and loaded
[    0.698428] Security Framework initialized
[    0.702217] Yama: becoming mindful.
[    0.706122] AppArmor: AppArmor initialized
[    0.711291] Dentry cache hash table entries: 131072 (order: 8, 1048576 bytes)
[    0.724514] Inode-cache hash table entries: 65536 (order: 7, 524288 bytes)
[    0.732903] Mount-cache hash table entries: 2048 (order: 2, 16384 bytes)
[    0.739786] Mountpoint-cache hash table entries: 2048 (order: 2, 16384 bytes)
[    0.748903] Initializing cgroup subsys io
[    0.752814] Initializing cgroup subsys memory
[    0.757337] Initializing cgroup subsys devices
[    0.761122] Initializing cgroup subsys freezer
[    0.765193] Initializing cgroup subsys net_cls
[    0.769167] Initializing cgroup subsys perf_event
[    0.774362] Initializing cgroup subsys net_prio
[    0.780286] Initializing cgroup subsys hugetlb
[    0.786215] Initializing cgroup subsys pids
[    0.790656] mce: CPU supports 0 MCE banks
[    0.794818] Last level iTLB entries: 4KB 0, 2MB 0, 4MB 0
[    0.800011] Last level dTLB entries: 4KB 0, 2MB 0, 4MB 0, 1GB 0
[    0.808290] Spectre V1 : Mitigation: usercopy/swapgs barriers and __user pointer sanitization
[    0.816239] Spectre V2 : Mitigation: Enhanced IBRS
[    0.821821] Spectre V2 : Spectre v2 / SpectreRSB mitigation: Filling RSB on context switch
[    0.829731] Speculative Store Bypass: Vulnerable
[    0.867846] Freeing SMP alternatives memory: 36K
[    0.948396] ftrace: allocating 32380 entries in 127 pages
[    1.449793] smpboot: APIC(0) Converting physical 0 to logical package 0
[    1.456392] smpboot: Max logical packages: 1
[    1.473738] ..TIMER: vector=0x30 apic1=0 pin1=2 apic2=-1 pin2=-1
[    1.588019] smpboot: CPU0: 11th Gen Intel(R) Core(TM) i7-1165G7 @ 2.80GHz (family: 0x6, model: 0x8c, stepping: 0x1)
[    1.597692] Performance Events: unsupported p6 CPU model 140 no PMU driver, software events only.
[    1.701255] KVM setup paravirtual spinlock
[    1.708424] x86: Booting SMP configuration:
[    1.713148] .... node  #0, CPUs:      #1
[    1.719127] kvm-clock: cpu 1, msr 0:3ffe3041, secondary cpu clock
[    1.725394] mce: CPU supports 0 MCE banks
[    1.730125] TSC synchronization [CPU#0 -> CPU#1]:
[    1.735662] Measured 46609 cycles TSC warp between CPUs, turning off TSC clock.
[    1.743114] tsc: Marking TSC unstable due to check_tsc_sync_source failed
[    1.751580] x86: Booted up 1 node, 2 CPUs
[    1.755614] smpboot: Total of 2 processors activated (6758.39 BogoMIPS)
[    0.280009] devtmpfs: initialized
[    0.284000] evm: security.selinux
[    0.284000] evm: security.SMACK64
[    0.284000] evm: security.SMACK64EXEC
[    0.284000] evm: security.SMACK64TRANSMUTE
[    0.284000] evm: security.SMACK64MMAP
[    0.284000] evm: security.ima
[    0.284000] evm: security.capability
[    0.284583] clocksource: jiffies: mask: 0xffffffff max_cycles: 0xffffffff, max_idle_ns: 7645041785100000 ns
[    0.288000] futex hash table entries: 512 (order: 3, 32768 bytes)
[    0.288185] pinctrl core: initialized pinctrl subsystem
[    0.292000] RTC time: 13:57:07, date: 02/09/23
[    0.292000] NET: Registered protocol family 16
[    0.300024] cpuidle: using governor ladder
[    0.312012] cpuidle: using governor menu
[    0.315285] PCCT header not found.
[    0.316000] ACPI: bus type PCI registered
[    0.316000] acpiphp: ACPI Hot Plug PCI Controller Driver version: 0.5
[    0.316000] PCI: Using configuration type 1 for base access
[    0.328793] ACPI: Added _OSI(Module Device)
[    0.332000] ACPI: Added _OSI(Processor Device)
[    0.332000] ACPI: Added _OSI(3.0 _SCP Extensions)
[    0.332000] ACPI: Added _OSI(Processor Aggregator Device)
[    0.336706] ACPI: Executed 1 blocks of module-level executable AML code
[    0.344397] ACPI: Interpreter enabled
[    0.348000] ACPI: (supports S0 S5)
[    0.348000] ACPI: Using IOAPIC for interrupt routing
[    0.348288] PCI: Using host bridge windows from ACPI; if necessary, use "pci=nocrs" and report a bug
[    0.362083] ACPI: PCI Root Bridge [PCI0] (domain 0000 [bus 00-ff])
[    0.364000] acpi PNP0A03:00: _OSC: OS supports [ASPM ClockPM Segments MSI]
[    0.364546] acpi PNP0A03:00: _OSC: not requesting OS control; OS requires [ExtendedConfig ASPM ClockPM MSI]
[    0.368000] acpi PNP0A03:00: fail to add MMCONFIG information, can't access extended PCI configuration space under this bridge.
[    0.368663] PCI host bridge to bus 0000:00
[    0.372000] pci_bus 0000:00: root bus resource [io  0x0000-0x0cf7 window]
[    0.372000] pci_bus 0000:00: root bus resource [io  0x0d00-0xffff window]
[    0.372000] pci_bus 0000:00: root bus resource [mem 0x000a0000-0x000bffff window]
[    0.372000] pci_bus 0000:00: root bus resource [mem 0x40000000-0xfdffffff window]
[    0.372000] pci_bus 0000:00: root bus resource [bus 00-ff]
[    0.378522] pci 0000:00:01.1: legacy IDE quirk: reg 0x10: [io  0x01f0-0x01f7]
[    0.380000] pci 0000:00:01.1: legacy IDE quirk: reg 0x14: [io  0x03f6]
[    0.380000] pci 0000:00:01.1: legacy IDE quirk: reg 0x18: [io  0x0170-0x0177]
[    0.380000] pci 0000:00:01.1: legacy IDE quirk: reg 0x1c: [io  0x0376]
[    0.398334] pci 0000:00:07.0: quirk: [io  0x4000-0x403f] claimed by PIIX4 ACPI
[    0.400000] pci 0000:00:07.0: quirk: [io  0x4100-0x410f] claimed by PIIX4 SMB
[    0.413952] ACPI: PCI Interrupt Link [LNKA] (IRQs 5 9 10 *11)
[    0.416419] ACPI: PCI Interrupt Link [LNKB] (IRQs 5 9 *10 11)
[    0.420000] ACPI: PCI Interrupt Link [LNKC] (IRQs 5 *9 10 11)
[    0.420000] ACPI: PCI Interrupt Link [LNKD] (IRQs 5 9 10 *11)
[    0.420000] ACPI: Enabled 2 GPEs in block 00 to 07
[    0.420213] vgaarb: setting as boot device: PCI:0000:00:02.0
[    0.424000] vgaarb: device added: PCI:0000:00:02.0,decodes=io+mem,owns=io+mem,locks=none
[    0.424000] vgaarb: loaded
[    0.424000] vgaarb: bridge control possible 0000:00:02.0
[    0.424000] SCSI subsystem initialized
[    0.424438] ACPI: bus type USB registered
[    0.428000] usbcore: registered new interface driver usbfs
[    0.428000] usbcore: registered new interface driver hub
[    0.428000] usbcore: registered new device driver usb
[    0.428880] PCI: Using ACPI for IRQ routing
[    0.432000] NetLabel: Initializing
[    0.432000] NetLabel:  domain hash size = 128
[    0.432000] NetLabel:  protocols = UNLABELED CIPSOv4
[    0.432000] NetLabel:  unlabeled traffic allowed by default
[    0.432078] amd_nb: Cannot enumerate AMD northbridges
[    0.436000] clocksource: Switched to clocksource kvm-clock
[    0.436000] AppArmor: AppArmor Filesystem Enabled
[    0.436000] pnp: PnP ACPI init
[    0.474105] pnp: PnP ACPI: found 3 devices
[    0.521088] clocksource: acpi_pm: mask: 0xffffff max_cycles: 0xffffff, max_idle_ns: 2085701024 ns
[    0.525037] NET: Registered protocol family 2
[    0.532347] TCP established hash table entries: 8192 (order: 4, 65536 bytes)
[    0.535736] TCP bind hash table entries: 8192 (order: 5, 131072 bytes)
[    0.535736] TCP: Hash tables configured (established 8192 bind 8192)
[    0.535736] UDP hash table entries: 512 (order: 2, 16384 bytes)
[    0.535736] UDP-Lite hash table entries: 512 (order: 2, 16384 bytes)
[    0.535736] NET: Registered protocol family 1
[    0.535736] pci 0000:00:00.0: Limiting direct PCI/PCI transfers
[    0.535736] pci 0000:00:01.0: Activating ISA DMA hang workarounds
[    0.535736] Unpacking initramfs...
[    0.535736] Freeing initrd memory: 14888K
[    0.535736] clocksource: tsc: mask: 0xffffffffffffffff max_cycles: 0x185ac5ca321, max_idle_ns: 440795231783 ns
[    0.535736] platform rtc_cmos: registered platform RTC device (no PNP device found)
[    0.535736] Scanning for low memory corruption every 60 seconds
[    0.999747] audit: initializing netlink subsys (disabled)
[    1.003087] audit: type=2000 audit(1675951032.023:1): initialized
[    1.003087] Initialise system trusted keyring
[    1.020759] HugeTLB registered 2 MB page size, pre-allocated 0 pages
[    1.024503] zbud: loaded
[    1.032451] VFS: Disk quotas dquot_6.6.0
[    1.035887] VFS: Dquot-cache hash table entries: 512 (order 0, 4096 bytes)
[    1.035887] squashfs: version 4.0 (2009/01/31) Phillip Lougher
[    1.054279] fuse init (API version 7.23)
[    1.059897] Key type big_key registered
[    1.063543] Allocating IMA MOK and blacklist keyrings.
[    1.082188] Key type asymmetric registered
[    1.085964] Asymmetric key parser 'x509' registered
[    1.085964] Block layer SCSI generic (bsg) driver version 0.4 loaded (major 249)
[    1.099043] io scheduler noop registered
[    1.102790] io scheduler deadline registered (default)
[    1.102790] io scheduler cfq registered
[    1.102790] pci_hotplug: PCI Hot Plug PCI Core version: 0.5
[    1.102790] pciehp: PCI Express Hot Plug Controller Driver version: 0.4
[    1.125317] ACPI: AC Adapter [AC] (on-line)
[    1.128708] input: Power Button as /devices/LNXSYSTM:00/LNXPWRBN:00/input/input0
[    1.132857] ACPI: Power Button [PWRF]
[    1.140177] input: Sleep Button as /devices/LNXSYSTM:00/LNXSLPBN:00/input/input1
[    1.140177] ACPI: Sleep Button [SLPF]
[    1.153917] GHES: HEST is not enabled!
[    1.156275] ACPI: Battery Slot [BAT0] (battery present)
[    1.163075] Serial: 8250/16550 driver, 32 ports, IRQ sharing enabled
[    1.166844] 00:02: ttyS0 at I/O 0x3f8 (irq = 4, base_baud = 115200) is a 16550A
[    1.228376] Linux agpgart interface v0.103
[    1.248576] loop: module loaded
[    1.257080] scsi host0: ata_piix
[    1.262879] scsi host1: ata_piix
[    1.266828] ata1: PATA max UDMA/33 cmd 0x1f0 ctl 0x3f6 bmdma 0xd000 irq 14
[    1.266828] ata2: PATA max UDMA/33 cmd 0x170 ctl 0x376 bmdma 0xd008 irq 15
[    1.266828] libphy: Fixed MDIO Bus: probed
[    1.280940] tun: Universal TUN/TAP device driver, 1.6
[    1.280940] tun: (C) 1999-2004 Max Krasnyansky <maxk@qualcomm.com>
[    1.298645] PPP generic driver version 2.4.2
[    1.303506] ehci_hcd: USB 2.0 'Enhanced' Host Controller (EHCI) Driver
[    1.307423] ehci-pci: EHCI PCI platform driver
[    1.307423] ehci-platform: EHCI generic platform driver
[    1.307423] ohci_hcd: USB 1.1 'Open' Host Controller (OHCI) Driver
[    1.307423] ohci-pci: OHCI PCI platform driver
[    1.307423] ohci-platform: OHCI generic platform driver
[    1.307423] uhci_hcd: USB Universal Host Controller Interface driver
[    1.307423] i8042: PNP: PS/2 Controller [PNP0303:PS2K,PNP0f03:PS2M] at 0x60,0x64 irq 1,12
[    1.356291] serio: i8042 KBD port at 0x60,0x64 irq 1
[    1.360194] serio: i8042 AUX port at 0x60,0x64 irq 12
[    1.367365] mousedev: PS/2 mouse device common for all mice
[    1.376073] rtc_cmos rtc_cmos: rtc core: registered rtc_cmos as rtc0
[    1.379776] rtc_cmos rtc_cmos: alarms up to one day, 114 bytes nvram
[    1.379776] i2c /dev entries driver
[    1.379776] device-mapper: uevent: version 1.0.3
[    1.397555] device-mapper: ioctl: 4.34.0-ioctl (2015-10-28) initialised: dm-devel@redhat.com
[    1.401544] ledtrig-cpu: registered to indicate activity on CPUs
[    1.416245] NET: Registered protocol family 10
[    1.422449] NET: Registered protocol family 17
[    1.426278] Key type dns_resolver registered
[    1.432680] input: AT Translated Set 2 keyboard as /devices/platform/i8042/serio0/input/input2
[    1.499129] registered taskstats version 1
[    1.503081] Loading compiled-in X.509 certificates
[    1.503081] Loaded X.509 cert 'Build time autogenerated kernel key: cf00e047681d67edb2720680708b7d9498083038'
[    1.503081] zswap: loaded using pool lzo/zbud
[    1.530623] Key type trusted registered
[    1.544363] Key type encrypted registered
[    1.548170] AppArmor: AppArmor sha1 policy hashing enabled
[    1.548170] ima: No TPM chip found, activating TPM-bypass!
[    1.548170] ima: Allocated hash algorithm: sha1
[    1.548170] evm: HMAC attrs: 0x1
[    1.579547]   Magic number: 11:471:988
[    1.583419] machinecheck machinecheck1: hash matches
[    1.596380] rtc_cmos rtc_cmos: setting system clock to 2023-02-09 13:57:09 UTC (1675951029)
[    1.609734] BIOS EDD facility v0.16 2004-Jun-25, 0 devices found
[    1.613219] EDD information not available.
[    1.627897] Freeing unused kernel memory: 1492K
[    1.644738] Write protecting the kernel read-only data: 14336k
[    1.657381] Freeing unused kernel memory: 1584K
[    1.665751] Freeing unused kernel memory: 52K
Loading, please wait...
starting version[    1.706568] random: systemd-udevd: uninitialized urandom read (16 bytes read, 5 bits of entropy available)
 229
[    1.716967] random: udevadm: uninitialized urandom read (16 bytes read, 5 bits of entropy available)
[    1.716993] random: udevadm: uninitialized urandom read (16 bytes read, 5 bits of entropy available)
[    1.732574] random: udevadm: uninitialized urandom read (16 bytes read, 5 bits of entropy available)
[    1.732626] random: udevadm: uninitialized urandom read (16 bytes read, 5 bits of entropy available)
[    1.732845] random: udevadm: uninitialized urandom read (16 bytes read, 5 bits of entropy available)
[    1.732903] random: udevadm: uninitialized urandom read (16 bytes read, 5 bits of entropy available)
[    1.733019] random: udevadm: uninitialized urandom read (16 bytes read, 5 bits of entropy available)
[    1.733112] random: udevadm: uninitialized urandom read (16 bytes read, 5 bits of entropy available)
[    1.733170] random: udevadm: uninitialized urandom read (16 bytes read, 5 bits of entropy available)
[    1.909465] e1000: Intel(R) PRO/1000 Network Driver - version 7.3.21-k8-NAPI
[    1.912211] e1000: Copyright (c) 1999-2006 Intel Corporation.
[    1.935132] Fusion MPT base driver 3.04.20
[    1.935132] Copyright (c) 1999-2008 LSI Corporation
[    1.990999] Fusion MPT SPI Host driver 3.04.20
[    2.318943] input: ImExPS/2 Generic Explorer Mouse as /devices/platform/i8042/serio1/input/input4
[    2.647259] e1000 0000:00:03.0 eth0: (PCI:33MHz:32-bit) 02:be:82:6b:cc:1d
[    2.648651] e1000 0000:00:03.0 eth0: Intel(R) PRO/1000 Network Connection
[    3.249501] e1000 0000:00:08.0 eth1: (PCI:33MHz:32-bit) 08:00:27:f5:3f:13
[    3.252145] e1000 0000:00:08.0 eth1: Intel(R) PRO/1000 Network Connection
[    3.263315] e1000 0000:00:08.0 enp0s8: renamed from eth1
[    3.269896] mptbase: ioc0: Initiating bringup
[    3.277207] e1000 0000:00:03.0 enp0s3: renamed from eth0
[    3.350227] ioc0: LSI53C1030 A0: Capabilities={Initiator}
[    4.309205] scsi host2: ioc0: LSI53C1030 A0, FwRev=00000000h, Ports=1, MaxQ=256, IRQ=20
[    4.644115] scsi 2:0:0:0: Direct-Access     VBOX     HARDDISK         1.0  PQ: 0 ANSI: 5
[    4.648037] scsi target2:0:0: Beginning Domain Validation
[    4.661148] scsi target2:0:0: Domain Validation skipping write tests
[    4.665143] scsi target2:0:0: Ending Domain Validation
[    4.669423] scsi target2:0:0: asynchronous
[    4.674967] scsi 2:0:1:0: Direct-Access     VBOX     HARDDISK         1.0  PQ: 0 ANSI: 5
[    4.678955] scsi target2:0:1: Beginning Domain Validation
[    4.691234] scsi target2:0:1: Domain Validation skipping write tests
[    4.695201] scsi target2:0:1: Ending Domain Validation
[    4.698701] scsi target2:0:1: asynchronous
[    4.722205] sd 2:0:0:0: Attached scsi generic sg0 type 0
[    4.722821] sd 2:0:0:0: [sda] 83886080 512-byte logical blocks: (42.9 GB/40.0 GiB)
[    4.723339] sd 2:0:0:0: [sda] Write Protect is off
[    4.723651] sd 2:0:0:0: [sda] Incomplete mode parameter data
[    4.723652] sd 2:0:0:0: [sda] Assuming drive cache: write through
[    4.745460] sd 2:0:1:0: Attached scsi generic sg1 type 0
[    4.748687]  sda: sda1
[    4.751894] sd 2:0:1:0: [sdb] 20480 512-byte logical blocks: (10.5 MB/10.0 MiB)
[    4.754097] sd 2:0:0:0: [sda] Attached SCSI disk
[    4.762130] sd 2:0:1:0: [sdb] Write Protect is off
[    4.766426] sd 2:0:1:0: [sdb] Incomplete mode parameter data
[    4.769974] sd 2:0:1:0: [sdb] Assuming drive cache: write through
[    4.784346] sd 2:0:1:0: [sdb] Attached SCSI disk
Begin: Loading essential drivers ... [    6.253598] md: linear personality registered for level -1
[    6.262691] md: multipath personality registered for level -4
[    6.273104] md: raid0 personality registered for level 0
[    6.290231] md: raid1 personality registered for level 1
[    7.295723] raid6: sse2x1   gen() 164512 MB/s
[    9.297471] raid6: sse2x1   xor() 144506 MB/s
[   11.299901] raid6: sse2x2   gen() 271541 MB/s
[   11.390794] raid6: sse2x2   xor()  9523 MB/s
[   11.464449] raid6: sse2x4   gen() 16237 MB/s
[   11.540292] raid6: sse2x4   xor() 11487 MB/s
[   11.544247] raid6: using algorithm sse2x2 gen() 271541 MB/s
[   11.544247] raid6: .... xor() 9523 MB/s, rmw enabled
[   11.544247] raid6: using ssse3x2 recovery algorithm
[   11.562939] xor: measuring software checksum speed
[   11.564820]    prefetch64-sse: 20664.000 MB/sec
[   11.564820]    generic_sse: 18346.000 MB/sec
[   11.564820] xor: using function: prefetch64-sse (20664.000 MB/sec)
[   11.658817] async_tx: api initialized (async)
[   11.702196] md: raid6 personality registered for level 6
[   11.706116] md: raid5 personality registered for level 5
[   11.706116] md: raid4 personality registered for level 4
[   11.731188] md: raid10 personality registered for level 10
done.
Begin: Running /scripts/init-premount ... done.
Begin: Mounting root file system ... Begin: Running /scripts/local-top ... done.
Begin: Running /scripts/local-premount ... [   11.795490] Btrfs loaded
Scanning for Btrfs filesystems
done.
Warning: fsck not present, so skipping root file system
[   11.844556] EXT4-fs (sda1): mounted filesystem with ordered data mode. Opts: (null)
done.
Begin: Running /scripts/local-bottom ... done.
Begin: Running /scripts/init-bottom ... done.
[   11.994370] systemd[1]: systemd 229 running in system mode. (+PAM +AUDIT +SELINUX +IMA +APPARMOR +SMACK +SYSVINIT +UTMP +LIBCRYPTSETUP +GCRYPT +GNUTLS +ACL +XZ -LZ4 +SECCOMP +BLKID +ELFUTILS +KMOD -IDN)
[   12.000135] systemd[1]: Detected virtualization oracle.
[   12.000135] systemd[1]: Detected architecture x86-64.

Welcome to [1mUbuntu 16.04.7 LTS[0m!

[   12.025066] systemd[1]: Set hostname to <ubuntu>.
[   12.033894] systemd[1]: Initializing machine ID from random generator.
[   12.037751] systemd[1]: Installed transient /etc/machine-id file.
[   12.252684] systemd[1]: Listening on fsck to fsckd communication Socket.
[[0;32m  OK  [0m] Listening on fsck to fsckd communication Socket.
[   12.264767] systemd[1]: Set up automount Arbitrary Executable File Formats File System Automount Point.
[[0;32m  OK  [0m] Set up automount Arbitrary Executab...ats File System Automount Point.
[   12.279617] systemd[1]: Listening on LVM2 poll daemon socket.
[[0;32m  OK  [0m] Listening on LVM2 poll daemon socket.
[   12.290664] systemd[1]: Reached target Encrypted Volumes.
[[0;32m  OK  [0m] Reached target Encrypted Volumes.
[   12.301067] systemd[1]: Listening on /dev/initctl Compatibility Named Pipe.
[[0;32m  OK  [0m] Listening on /dev/initctl Compatibility Named Pipe.
[   12.311699] systemd[1]: Created slice System Slice.
[[0;32m  OK  [0m] Created slice System Slice.
[   12.319505] systemd[1]: Created slice User and Session Slice.
[[0;32m  OK  [0m] Created slice User and Session Slice.
[   12.329196] systemd[1]: Reached target Slices.
[[0;32m  OK  [0m] Reached target Slices.
[   12.338458] systemd[1]: Started Forward Password Requests to Wall Directory Watch.
[[0;32m  OK  [0m] Started Forward Password Requests to Wall Directory Watch.
[   12.353398] systemd[1]: Listening on Syslog Socket.
[[0;32m  OK  [0m] Listening on Syslog Socket.
[   12.363407] systemd[1]: Reached target Swap.
[[0;32m  OK  [0m] Reached target Swap.
[   12.373007] systemd[1]: Listening on Journal Socket (/dev/log).
[[0;32m  OK  [0m] Listening on Journal Socket (/dev/log).
[   12.385662] systemd[1]: Created slice system-serial\x2dgetty.slice.
[[0;32m  OK  [0m] Created slice system-serial\x2dgetty.slice.
[   12.395784] systemd[1]: Reached target User and Group Name Lookups.
[[0;32m  OK  [0m] Reached target User and Group Name Lookups.
[   12.407969] systemd[1]: Reached target System Time Synchronized.
[[0;32m  OK  [0m] Reached target System Time Synchronized.
[   12.419331] systemd[1]: Listening on LVM2 metadata daemon socket.
[[0;32m  OK  [0m] Listening on LVM2 metadata daemon socket.
[   12.431665] systemd[1]: Listening on udev Kernel Socket.
[[0;32m  OK  [0m] Listening on udev Kernel Socket.
[   12.442541] systemd[1]: Listening on Journal Audit Socket.
[[0;32m  OK  [0m] Listening on Journal Audit Socket.
[   12.452478] systemd[1]: Listening on Journal Socket.
[[0;32m  OK  [0m] Listening on Journal Socket.
[   12.473495] systemd[1]: Starting Create list of required static device nodes for the current kernel...
         Starting Create list of required st... nodes for the current kernel...
[   12.491413] systemd[1]: Starting Nameserver information manager...
         Starting Nameserver information manager...
[   12.505901] systemd[1]: Starting File System Check on Root Device...
         Starting File System Check on Root Device...
[   12.524628] systemd[1]: Starting Set console keymap...
         Starting Set console keymap...
[   12.543492] systemd[1]: Starting Load Kernel Modules...
[   12.554872] systemd[1]: Mounting Debug File System...
         Starting Load Kernel Modules...
         Mounting Debug File Sys[   12.560984] systemd[1]: Starting Journal Service...
tem...
[   12.569863] systemd[1]: Starting Uncomplicated firewall...
[   12.577015] systemd[1]: Mounting Huge Pages File System...
         Starting Journal Service...
         Starting Uncomplicated firewall...
         Mountin[   12.588567] systemd[1]: Mounting POSIX Message Queue File System...
g Huge Pages File System...
         Mounting POSIX Message Queue File System...
[   12.611607] systemd[1]: Started Trigger resolvconf update for networkd DNS.
[[0;32m  OK  [0m] Started Trigger resolvconf update for networkd DNS.
[   12.658190] systemd[1]: Listening on Device-mapper event daemon FIFOs.
[[0;32m  OK  [0m] Listening on Device-mapper event daemon FIFOs.
[   12.683446] Loading iSCSI transport class v2.0-870.
[   12.692526] systemd[1]: Starting Monitoring of LVM2 mirrors, snapshots etc. using dmeventd or progress polling...
         Starting Monitoring of LVM2 mirrors... dmeventd or progress polling...
[   12.712921] systemd[1]: Listening on udev Control Socket.
[[0;32m  OK  [0m] Listening on udev Control Socket.
[   12.726162] systemd[1]: Mounted Huge Pages File System.
[[0;32m  OK  [0m] Mounted Huge[   12.736725] iscsi: registered transport (tcp)
 Pages File System.
[   12.745246] systemd[1]: Mounted POSIX Message Queue File System.
[[0;32m  OK  [0m] Mounted POSIX Message Queue File System.
[   12.761551] systemd[1]: Mounted Debug File System.
[[0;32m  OK  [0m] Mounted Debug File System.
[   12.771781] systemd[1]: Started Journal Service.
[[0;32m  OK  [0m] Started Journal Service.
[[0;32m  OK  [0m] Started Create list of required sta...ce nodes for the current kernel.
[[0;32m  OK  [0m] Started File System Check on Root Device.
[[0;32m  OK  [0m] Started Set console keymap.
[[0;32m  OK  [0m] Started Uncomplicated firewall.
[[0;32m  OK  [0m] Started Nameserver information manager.
[[0;32m  OK  [0m] Started LVM2 metadata daemon.
[[0;32m  OK  [0m] Started File System Check Daemon to report status.
         Starting Remount Root and Kernel File Systems...
         Starting Create Static Device Nodes in /dev...
[   12.888455] EXT4-fs (sda1): re-mounted. Opts: (null)
[[0;32m  OK  [[   12.899766] iscsi: registered transport (iser)
0m] Started Remount Root and Kernel File Systems.
         Starting udev Coldplug all Devices...
         Starting Load/Save Random Seed...
         Starting Flush Journal to Persistent Storage...
[[0;32m  OK  [0m] Started Load Kernel Modules.
[[0;32m  OK  [0m] Started Create Static Device Nodes in /dev.
[[0;32m  OK  [0m] Started Load/Save Random Seed.
         Starting udev Kernel Device Manager...
         Starting Apply Kernel Variables...
         Mounting FUSE Control File System...
[[0;32m  OK  [0m] Mounted FUSE Control File System.
[[0;32m  OK  [0m] Started udev Coldplug all Devices.
[[0;32m  OK  [0m] Started Apply Kernel Variables.
[[0;32m  OK  [0m] Started Flush Journal to Persistent Storage.
[[0;32m  OK  [0m] Started udev Kernel Device Manager.
[[0;32m  OK  [0m] Started Dispatch Password Requests to Console Directory Watch.
[[0;32m  OK  [0m] Found device /dev/ttyS0.
[[0;32m  OK  [0m] Listening on Load/Save RF Kill Switch Status /dev/rfkill Watch.
[[0;32m  OK  [0m] Started Monitoring of LVM2 mirrors,...ng dmeventd or progress polling.
[[0;32m  OK  [0m] Reached target Local File Systems (Pre).
[[0;32m  OK  [0m] Reached target Local File Systems.
         Starting Commit a transient machine-id on disk...
         Starting Create Volatile Files and Directories...
         Starting Tell Plymouth To Write Out Runtime Data...
         Starting Set console font and keymap...
         Starting Initial cloud-init job (pre-networking)...
         Starting LSB: AppArmor initialization...
[[0;32m  OK  [0m] Started Commit a transient machine-id on disk.
[[0;32m  OK  [0m] Started Create Volatile Files and Directories.
[[0;32m  OK  [0m] Started Tell Plymouth To Write Out Runtime Data.
         Starting Update UTMP about System Boot/Shutdown...
[[0;32m  OK  [0m] Started Update UTMP about System Boot/Shutdown.
[[0;32m  OK  [0m] Started Set console font and keymap.
[[0;32m  OK  [0m] Created slice system-getty.slice.
[[0;32m  OK  [0m] Started LSB: AppArmor initialization.
         Starting Load AppArmor profiles managed internally by snapd...
[[0;32m  OK  [0m] Started Load AppArmor profiles managed internally by snapd.
[   16.193096] cloud-init[620]: Cloud-init v. 21.1-19-gbad84ad4-0ubuntu1~16.04.2 running 'init-local' at Thu, 09 Feb 2023 13:57:23 +0000. Up 15.88 seconds.
[[0;32m  OK  [0m] Started Initial cloud-init job (pre-networking).
[[0;32m  OK  [0m] Reached target Network (Pre).
         Starting Raise network interfaces...
[[0;32m  OK  [0m] Started Raise network interfaces.
[[0;32m  OK  [0m] Reached target Network.
         Starting Initial cloud-init job (metadata service crawler)...
[   17.342411] cloud-init[943]: Cloud-init v. 21.1-19-gbad84ad4-0ubuntu1~16.04.2 running 'init' at Thu, 09 Feb 2023 13:57:24 +0000. Up 16.82 seconds.
[   17.384740] [cloud-init[0;32m  OK  [0m[943]: ] ci-info: ++++++++++++++++++++++++++++++++++++++Net device info+++++++++++++++++++++++++++++++++++++++Started Initial cloud-init job (metadata service crawler).

[   17.384890] [cloud-init[0;32m  OK  [0m[943]: ] ci-info: +--------+-------+----------------------------+---------------+--------+-------------------+Reached target Cloud-config availability.

[   17.399218] cloud-init[943]: ci-info: | Device |   Up  |          Address           |      Mask     | Scope  |     Hw-Address    |
[   17.400256] cloud-init[943]: ci-info: +--------+-------+----------------------------+---------------+--------+-------------------+
[   17.400300] cloud-init[943]: ci-info: | enp0s3 |  True |         10.0.2.15          | 255.255.255.0 | global | 02:be:82:6b:cc:1d |
[[0;32m  OK  [0m] Reached target Network is Online.
[   17.400336] cloud-init[943]: ci-info: | enp0s3 |  True | fe80::be:82ff:fe6b:cc1d/64 |       .       |  link  | 02:be:82:6b:cc:1d |
[   17.416909]          cloud-initStarting iSCSI initiator daemon (iscsid)...[943]: 
ci-info: | enp0s8 | False |             .              |       .       |   .    | 08:00:27:f5:3f:13 |
[[0;32m  OK  [0m] Reached target System Initialization.
[[0;32m  OK  [0m] Listening on ACPID Listen Socket.
[[0;32m  OK  [0m] Started Ubuntu Advantage update messaging.
[[0;32m  OK  [0m] Listening on UUID daemon activation socket.
[[0;32m  OK  [0m] Started Daily apt download activities.
         Starting Socket activation for snappy daemon.
[[0;32m  OK  [0m] Listening on D-Bus System Message Bus Socket.
[[0;32m  OK  [0m] Started Daily Cleanup of Temporary Directories.
[[0;32m  OK  [0m] Started Message of the Day.
[[0;32m  OK  [0m] Started Daily apt upgrade and clean activities.
[[0;32m  OK  [0m] Reached target Timers.
[   17.423902] cloud-init[943]: ci-info: |   lo   |  True |         127.0.0.1          |   255.0.0.0   |  host  |         .         |
         Starting LXD - unix socket.
[   17.447192] cloud-init[943]: ci-info: |   lo   |  True |          ::1/128           |       .       |  host  |         .         |
[   17.457714] [cloud-init[0;32m  OK  [0m[943]: ] ci-info: +--------+-------+----------------------------+---------------+--------+-------------------+Started ACPI Events Check.

[   17.458728] [cloud-init[0;32m  OK  [0m[943]: ] ci-info: +++++++++++++++++++++++++++Route IPv4 info++++++++++++++++++++++++++++Reached target Paths.

[   17.470706] [cloud-init[0;32m  OK  [0m[943]: ] ci-info: +-------+-------------+----------+---------------+-----------+-------+Listening on Socket activation for snappy daemon.

[   17.472062] [cloud-init[0;32m  OK  [0m[943]: ] ci-info: | Route | Destination | Gateway  |    Genmask    | Interface | Flags |Listening on LXD - unix socket.

[[0;32m  OK  [0m] Reached target Sockets.
[[0;32m  OK  [0m] Reached target Basic System.
[   17.483364] cloud-init[943]: ci-info: +-------+-------------+----------+---------------+-----------+-------+
         Starting System Logging Service...
         Starting Login Service...
[   17.491279] cloud-init[943]: ci-info: |   0   |   0.0.0.0   | 10.0.2.2 |    0.0.0.0    |   enp0s3  |   UG  |
         Starting Accounts Service...
         Starting LSB: Record successful boot for GRUB...
[   17.503638] cloud-init[943]: ci-info: |   1   |   10.0.2.0  | 0.0.0.0  | 255.255.255.0 |   enp0s3  |   U   |
         Starting Pollinate to seed the pseudo random number generator...
[[0;32m  OK  [0m] Started FUSE filesystem for LXC.
[[0;32m  OK  [0m] Started Deferred execution scheduler.
         Starting LSB: MD monitoring daemon...
[[0;32m  OK  [0m] Started ACPI event daemon.
[[0;32m  OK  [0m] Started Regular background program processing daemon.
         Starting Virtualbox guest utils...
         Starting /etc/rc.local Compatibility...
         Starting LXD - container startup/shutdown...
[[0;32m  OK  [0m] Started D-Bus System Message Bus.
[   17.525423] cloud-init[943]: ci-info: +-------+-------------+----------+---------------+-----------+-------+
[   17.613315] cloud-init[943]: ci-info: +++++++++++++++++++Route IPv6 info+++++++++++++++++++
[   17.621646] cloud-init[943]: ci-info: +-------+-------------+---------+-----------+-------+
[   17.627901] cloud-init[943]: ci-info: | Route | Destination | Gateway | Interface | Flags |
[   17.634666] cloud-init[943]: ci-info: +-------+-------------+---------+-----------+-------+
[   17.641036] cloud-init[943]: ci-info: |   0   |  fe80::/64  |    ::   |   enp0s3  |   U   |
[   17.651376] cloud-init[943]: ci-info: |   3   |   ff00::/8  |    ::   |   enp0s3  |   U   |
[   17.661125] cloud-init[943]: ci-info: +-------+-------------+---------+-----------+-------+
[   17.668459] cloud-init[943]: Generating public/private rsa key pair.
         Starting Snap Daemon...
[[0;32m  OK  [0m] Started System Logging Service.
[[0;32m  OK  [0m] Started /etc/rc.local Compatibility.
[   17.677667] cloud-init[943]: Your identification has been saved in /etc/ssh/ssh_host_rsa_key.
[   17.698868] cloud-init[943]: Your public key has been saved in /etc/ssh/ssh_host_rsa_key.pub.
[[0;32m  OK  [0m] Started Login Service.
[[0;32m  OK  [0m] Started iSCSI initiator daemon (iscsid).
[   17.723421] cloud-init[943]: The key fingerprint is:
         Starting Login to default iSCSI targets...
[[0;32m  OK  [0m] Started Unattended Upgrades Shutdown.
         Starting Authenticate and Authorize Users to Run Privileged Tasks...
[   17.732869] cloud-init[943]: SHA256:zTXKUXeyktyhQL99BtnlsVUBE/yQJRmId5HXBvNP0UM root@ubuntu-xenial
[[0;32m  OK  [0m] Started LSB: Record successful boot for GRUB.
[   17.800182] cloud-init[943]: The key's randomart image is:
[   17.810554] cloud-init[943]: +---[RSA 2048]----+
[   17.946299] cloud-init[943]: |         .+ +B^EX|
[[0;32m  OK  [0m] Started LSB: MD monitoring daemon.
[[0;32m  OK  [0m] Started LXD - container startup/shutdown.
[[0;32m  OK  [0m] Started Login to default iSCSI targets.
[[0;32m  OK  [0m] Started Authenticate and Authorize Users to Run Privileged Tasks.
[[0;32m  OK  [0m] Started Accounts Service.
[[0;32m  OK  [0m] Reached target Remote File Systems (Pre).
[[0;32m  OK  [0m] Reached target Remote File Systems.
[   17.954777] cloud-init[943]: |         . B %o&X|
         Starting Permit User Sessions...
         Starting LSB: automatic crash report generation...
         Starting LSB: Set the CPU Frequency Scaling governor to "ondemand"...
         Starting LSB: daemon to balance interrupts for SMP systems...
[[0;32m  OK  [0m] Started Permit User Sessions.
         Starting Terminate Plymouth Boot Screen...
         Starting Hold until boot process finishes up...
[[0;32m  OK  [0m] Started Hold until boot process finishes up.
[[0;32m  OK  [0m] Started Serial Getty on ttyS0.
[[0;32m  OK  [0m] Started Getty on tty1.
[[0;32m  OK  [0m] Reached target Login Prompts.
         Starting Set console scheme...
[[0;32m  OK  [0m] Started Terminate Plymouth Boot Screen.
[   17.991774] cloud-init[943]: |          o X Oo*|
[[0;32m  OK  [0m] Started Set console scheme.
[   18.075540] cloud-init[943]: |         + + = +.|
[   18.119601] cloud-init[943]: |        S = . . +|
[   18.143626] cloud-init[943]: |               o |
[   18.161281] [cloud-init[0;32m  OK  [0m[943]: ] |                 |Started LSB: automatic crash report generation.

[[0;32m  OK  [0m] Started Virtualbox guest utils.
[[0;32m  OK  [0m] Started LSB: Set the CPU Frequency Scaling governor to "ondemand".
[[0;32m  OK  [0m] Started LSB: daemon to balance interrupts for SMP systems.
[   18.162562] cloud-init[943]: |                 |
[   18.187554] cloud-init[943]: |                 |
[   18.199067] cloud-init[943]: +----[SHA256]-----+
[   18.213941] cloud-init[943]: Generating public/private dsa key pair.
[   18.218924] cloud-init[943]: Your identification has been saved in /etc/ssh/ssh_host_dsa_key.
[   18.226984] cloud-init[943]: Your public key has been saved in /etc/ssh/ssh_host_dsa_key.pub.
[   18.234300] cloud-init[943]: The key fingerprint is:
[   18.238639] cloud-init[943]: SHA256:tnYA4G2zi3FllhD+VjiegEIVgytRVtmjlfyyqaqxF8o root@ubuntu-xenial
[   18.245874] cloud-init[943]: The key's randomart image is:
[   18.252405] cloud-init[943]: +---[DSA 1024]----+
[   18.260231] cloud-init[943]: | .++*=oo         |
[   18.271539] cloud-init[943]: |.o...**. o       |
[   18.280774] cloud-init[943]: | ...ooBoB .      |
[   18.286868] cloud-init[943]: |. .....@.+       |
[   18.293395] cloud-init[943]: | .  . o+S        |
[   18.301167] cloud-init[943]: |  .  +o+ o       |
[   18.306928] cloud-init[943]: |o. .... o .      |
[   18.319433] cloud-init[943]: |.E. .  . .       |
[   18.334761] cloud-init[943]: |oo..             |
[   18.345705] cloud-init[943]: +----[SHA256]-----+
[   18.352500] cloud-init[943]: Generating public/private ecdsa key pair.
[   18.364901] cloud-init[943]: Your identification has been saved in /etc/ssh/ssh_host_ecdsa_key.
[   18.372503] cloud-init[943]: Your public key has been saved in /etc/ssh/ssh_host_ecdsa_key.pub.
[   18.386835] cloud-init[943]: The key fingerprint is:
[   18.392835] cloud-init[943]: SHA256:hGPms/raziouArjEHr+RlZL+xirCW7hm0TTyH8encmc root@ubuntu-xenial
[   18.399459] cloud-init[943]: The key's randomart image is:
[   18.406889] cloud-init[943]: +---[ECDSA 256]---+
[   18.415224] cloud-init[943]: |                 |
[   18.421186] cloud-init[943]: |       .         |
[   18.426189] cloud-init[943]: |      = .        |
[   18.431681] cloud-init[943]: | . o.+.o         |
[   18.438413] cloud-init[943]: |o =o.o+ S        |
[   18.443441] cloud-init[943]: |o=oo+. = .       |
[   18.448147] cloud-init[943]: |=o+=o + o        |
[   18.457149] cloud-init[943]: |=*+.oO o E       |
[   18.462798] cloud-init[943]: |==++B*B o        |
[   18.467675] cloud-init[943]: +----[SHA256]-----+
[   18.471465] cloud-init[943]: Generating public/private ed25519 key pair.
[   18.476028] cloud-init[943]: Your identification has been saved in /etc/ssh/ssh_host_ed25519_key.
[   18.483047] cloud-init[943]: Your public key has been saved in /etc/ssh/ssh_host_ed25519_key.pub.
[   18.496986] cloud-init[943]: The key fingerprint is:
[   18.506146] cloud-init[943]: SHA256:aLOQdgMZ/OHhC915vtIGHsbcoKKLVVJrNk0G3R7XSVE root@ubuntu-xenial
[   18.511713] cloud-init[943]: The key's randomart image is:
[   18.517815] cloud-init[943]: +--[ED25519 256]--+
[   18.523280] cloud-init[943]: |   .o. .   oo+E  |
[   18.529960] cloud-init[943]: |    .++ o . o    |
[   18.536184] cloud-init[943]: |    +=o= +       |
[   18.541580] cloud-init[943]: |   ..B=.= .      |
[   18.546587] cloud-init[943]: |  . X.B=S=       |
[   18.552930] cloud-init[943]: |   *.=o+* o      |
[   18.559552] cloud-init[943]: |  .. ..o + .     |
[   18.568431] cloud-init[943]: | o.     o +      |
[   18.574400] cloud-init[943]: |. ..     o       |
[   18.580361] cloud-init[943]: +----[SHA256]-----+
[[0;32m  OK  [0m] Started Snap Daemon.
         Starting Wait until snapd is fully seeded...
[[0;32m  OK  [0m] Started Pollinate to seed the pseudo random number generator.
         Starting OpenBSD Secure Shell server...
[[0;32m  OK  [0m] Started OpenBSD Secure Shell server.
[[0;32m  OK  [0m] Started Wait until snapd is fully seeded.
         Starting Apply the settings specified in cloud-config...
[[0;32m  OK  [0m] Reached target Multi-User System.
[[0;32m  OK  [0m] Reached target Graphical Interface.
         Starting Update UTMP about System Runlevel Changes...
[[0;32m  OK  [0m] Started Update UTMP about System Runlevel Changes.
[   19.642297] cloud-init[1289]: Generating locales (this might take a while)...
[   20.519354] cloud-init[1289]:   en_US.UTF-8... done
[   20.535239] cloud-init[1289]: Generation complete.
[   20.840041] cloud-init[1289]: Cloud-init v. 21.1-19-gbad84ad4-0ubuntu1~16.04.2 running 'modules:config' at Thu, 09 Feb 2023 13:57:27 +0000. Up 19.54 seconds.
[[0;32m  OK  [0m] Started Apply the settings specified in cloud-config.
         Starting Execute cloud user/final scripts...
ci-info: no authorized SSH keys fingerprints found for user ubuntu.
<14>Feb  9 13:57:29 ec2: 
<14>Feb  9 13:57:29 ec2: #############################################################
<14>Feb  9 13:57:29 ec2: -----BEGIN SSH HOST KEY FINGERPRINTS-----
<14>Feb  9 13:57:29 ec2: 1024 SHA256:tnYA4G2zi3FllhD+VjiegEIVgytRVtmjlfyyqaqxF8o root@ubuntu-xenial (DSA)
<14>Feb  9 13:57:29 ec2: 256 SHA256:hGPms/raziouArjEHr+RlZL+xirCW7hm0TTyH8encmc root@ubuntu-xenial (ECDSA)
<14>Feb  9 13:57:29 ec2: 256 SHA256:aLOQdgMZ/OHhC915vtIGHsbcoKKLVVJrNk0G3R7XSVE root@ubuntu-xenial (ED25519)
<14>Feb  9 13:57:29 ec2: 2048 SHA256:zTXKUXeyktyhQL99BtnlsVUBE/yQJRmId5HXBvNP0UM root@ubuntu-xenial (RSA)
<14>Feb  9 13:57:29 ec2: -----END SSH HOST KEY FINGERPRINTS-----
<14>Feb  9 13:57:29 ec2: #############################################################
-----BEGIN SSH HOST KEY KEYS-----
ecdsa-sha2-nistp256 AAAAE2VjZHNhLXNoYTItbmlzdHAyNTYAAAAIbmlzdHAyNTYAAABBBEVbuT9+MnW2tyUkhpBDGTZG9tQvvQjjSXkINBSCsICeMGDP8/Xzt7WIYPbshFiBr1XVxW9lP/bxVqSnswdFWW4= root@ubuntu-xenial
ssh-ed25519 AAAAC3NzaC1lZDI1NTE5AAAAIGWLi7aQj3a7mGUOwEwLq1kHatLJ79NGeL7UjXy8CMG/ root@ubuntu-xenial
ssh-rsa AAAAB3NzaC1yc2EAAAADAQABAAABAQCotmx3O1gbqVOUOIa1T7HrR/sgkbtOIoRLLrMIkCnSPUMFdiyzSRkXK+j4UQWWI8+pH1P505rrAFisyfQ74+0BADo9IYmJ9qEgODQbTWk6TnU36FH3DOQayDb3amRyQXLZNh7c1fiV6t04Wf2VSma5HZiqed8Ncfpk/Pa2L6xGLM9ddjzxOod3o+Yv0UBKtpw/ygqUuwMpYQQTJTr7r2CI8hdPSUMj7q/2Rjf/j8GnJrQv6VQdSN58eI16D/U8uSOx+jhOI0cAbDSZjPp7U9nbbT0EsavldqDgtsovqLJOCw35vw4gf71Ksdr0ySw94wHCnPy2zjjIw3NlI8R5784p root@ubuntu-xenial
-----END SSH HOST KEY KEYS-----
[   21.343047] cloud-init[1333]: Cloud-init v. 21.1-19-gbad84ad4-0ubuntu1~16.04.2 running 'modules:final' at Thu, 09 Feb 2023 13:57:29 +0000. Up 21.14 seconds.
[   21.350952] cloud-init[1333]: ci-info: no authorized SSH keys fingerprints found for user ubuntu.
[[0;32m  OK  [0m] Started Execute cloud user/final scripts.
[   21.391678] [cloud-init[0;32m  OK  [0m[1333]: ] Cloud-init v. 21.1-19-gbad84ad4-0ubuntu1~16.04.2 finished at Thu, 09 Feb 2023 13:57:29 +0000. Datasource DataSourceNoCloud [seed=/dev/sdb][dsmode=net].  Up 21.33 secondsReached target Cloud-init target.


Ubuntu 16.04.7 LTS ubuntu-xenial ttyS0

ubuntu-xenial login: 