[    0.000000] Linux version 4.15.0-202-generic (buildd@lcy02-amd64-115) (gcc version 7.5.0 (Ubuntu 7.5.0-3ubuntu1~18.04)) #213-Ubuntu SMP Thu Jan 5 19:19:12 UTC 2023 (Ubuntu 4.15.0-202.213-generic 4.15.18)
[    0.000000] Command line: BOOT_IMAGE=/boot/vmlinuz-4.15.0-202-generic root=LABEL=cloudimg-rootfs ro console=tty1 console=ttyS0
[    0.000000] KERNEL supported cpus:
[    0.000000]   Intel GenuineIntel
[    0.000000]   AMD AuthenticAMD
[    0.000000]   Centaur CentaurHauls
[    0.000000] x86/fpu: x87 FPU will use FXSAVE
[    0.000000] e820: BIOS-provided physical RAM map:
[    0.000000] BIOS-e820: [mem 0x0000000000000000-0x000000000009fbff] usable
[    0.000000] BIOS-e820: [mem 0x000000000009fc00-0x000000000009ffff] reserved
[    0.000000] BIOS-e820: [mem 0x00000000000f0000-0x00000000000fffff] reserved
[    0.000000] BIOS-e820: [mem 0x0000000000100000-0x000000003ffeffff] usable
[    0.000000] BIOS-e820: [mem 0x000000003fff0000-0x000000003fffffff] ACPI data
[    0.000000] BIOS-e820: [mem 0x00000000fec00000-0x00000000fec00fff] reserved
[    0.000000] BIOS-e820: [mem 0x00000000fee00000-0x00000000fee00fff] reserved
[    0.000000] BIOS-e820: [mem 0x00000000fffc0000-0x00000000ffffffff] reserved
[    0.000000] NX (Execute Disable) protection: active
[    0.000000] SMBIOS 2.5 present.
[    0.000000] DMI: innotek GmbH VirtualBox/VirtualBox, BIOS VirtualBox 12/01/2006
[    0.000000] Hypervisor detected: KVM
[    0.000000] e820: last_pfn = 0x3fff0 max_arch_pfn = 0x400000000
[    0.000000] MTRR: Disabled
[    0.000000] x86/PAT: MTRRs disabled, skipping PAT initialization too.
[    0.000000] CPU MTRRs all blank - virtualized system.
[    0.000000] x86/PAT: Configuration [0-7]: WB  WT  UC- UC  WB  WT  UC- UC  
[    0.000000] found SMP MP-table at [mem 0x0009fff0-0x0009ffff]
[    0.000000] Scanning 1 areas for low memory corruption
[    0.000000] RAMDISK: [mem 0x359c9000-0x36cdbfff]
[    0.000000] ACPI: Early table checksum verification disabled
[    0.000000] ACPI: RSDP 0x00000000000E0000 000024 (v02 VBOX  )
[    0.000000] ACPI: XSDT 0x000000003FFF0030 00003C (v01 VBOX   VBOXXSDT 00000001 ASL  00000061)
[    0.000000] ACPI: FACP 0x000000003FFF00F0 0000F4 (v04 VBOX   VBOXFACP 00000001 ASL  00000061)
[    0.000000] ACPI: DSDT 0x000000003FFF0470 002325 (v02 VBOX   VBOXBIOS 00000002 INTL 20100528)
[    0.000000] ACPI: FACS 0x000000003FFF0200 000040
[    0.000000] ACPI: FACS 0x000000003FFF0200 000040
[    0.000000] ACPI: APIC 0x000000003FFF0240 00005C (v02 VBOX   VBOXAPIC 00000001 ASL  00000061)
[    0.000000] ACPI: SSDT 0x000000003FFF02A0 0001CC (v01 VBOX   VBOXCPUT 00000002 INTL 20100528)
[    0.000000] ACPI: Reserving FACP table memory at [mem 0x3fff00f0-0x3fff01e3]
[    0.000000] ACPI: Reserving DSDT table memory at [mem 0x3fff0470-0x3fff2794]
[    0.000000] ACPI: Reserving FACS table memory at [mem 0x3fff0200-0x3fff023f]
[    0.000000] ACPI: Reserving FACS table memory at [mem 0x3fff0200-0x3fff023f]
[    0.000000] ACPI: Reserving APIC table memory at [mem 0x3fff0240-0x3fff029b]
[    0.000000] ACPI: Reserving SSDT table memory at [mem 0x3fff02a0-0x3fff046b]
[    0.000000] No NUMA configuration found
[    0.000000] Faking a node at [mem 0x0000000000000000-0x000000003ffeffff]
[    0.000000] NODE_DATA(0) allocated [mem 0x3ffc5000-0x3ffeffff]
[    0.000000] kvm-clock: cpu 0, msr 0:3ff44001, primary cpu clock
[    0.000000] kvm-clock: Using msrs 4b564d01 and 4b564d00
[    0.000000] kvm-clock: using sched offset of 4008441752 cycles
[    0.000000] clocksource: kvm-clock: mask: 0xffffffffffffffff max_cycles: 0x1cd42e4dffb, max_idle_ns: 881590591483 ns
[    0.000000] Zone ranges:
[    0.000000]   DMA      [mem 0x0000000000001000-0x0000000000ffffff]
[    0.000000]   DMA32    [mem 0x0000000001000000-0x000000003ffeffff]
[    0.000000]   Normal   empty
[    0.000000]   Device   empty
[    0.000000] Movable zone start for each node
[    0.000000] Early memory node ranges
[    0.000000]   node   0: [mem 0x0000000000001000-0x000000000009efff]
[    0.000000]   node   0: [mem 0x0000000000100000-0x000000003ffeffff]
[    0.000000] Reserved but unavailable: 104 pages
[    0.000000] Initmem setup node 0 [mem 0x0000000000001000-0x000000003ffeffff]
[    0.000000] ACPI: PM-Timer IO Port: 0x4008
[    0.000000] IOAPIC[0]: apic_id 2, version 32, address 0xfec00000, GSI 0-23
[    0.000000] ACPI: INT_SRC_OVR (bus 0 bus_irq 0 global_irq 2 dfl dfl)
[    0.000000] ACPI: INT_SRC_OVR (bus 0 bus_irq 9 global_irq 9 low level)
[    0.000000] Using ACPI (MADT) for SMP configuration information
[    0.000000] smpboot: Allowing 2 CPUs, 0 hotplug CPUs
[    0.000000] PM: Registered nosave memory: [mem 0x00000000-0x00000fff]
[    0.000000] PM: Registered nosave memory: [mem 0x0009f000-0x0009ffff]
[    0.000000] PM: Registered nosave memory: [mem 0x000a0000-0x000effff]
[    0.000000] PM: Registered nosave memory: [mem 0x000f0000-0x000fffff]
[    0.000000] e820: [mem 0x40000000-0xfebfffff] available for PCI devices
[    0.000000] Booting paravirtualized kernel on KVM
[    0.000000] clocksource: refined-jiffies: mask: 0xffffffff max_cycles: 0xffffffff, max_idle_ns: 7645519600211568 ns
[    0.000000] setup_percpu: NR_CPUS:8192 nr_cpumask_bits:2 nr_cpu_ids:2 nr_node_ids:1
[    0.000000] percpu: Embedded 50 pages/cpu s167936 r8192 d28672 u1048576
[    0.000000] PV qspinlock hash table entries: 256 (order: 0, 4096 bytes)
[    0.000000] Built 1 zonelists, mobility grouping on.  Total pages: 257913
[    0.000000] Policy zone: DMA32
[    0.000000] Kernel command line: BOOT_IMAGE=/boot/vmlinuz-4.15.0-202-generic root=LABEL=cloudimg-rootfs ro console=tty1 console=ttyS0
[    0.000000] Memory: 982648K/1048120K available (12300K kernel code, 2477K rwdata, 4320K rodata, 2472K init, 2720K bss, 65472K reserved, 0K cma-reserved)
[    0.000000] SLUB: HWalign=64, Order=0-3, MinObjects=0, CPUs=2, Nodes=1
[    0.000000] ftrace: allocating 39478 entries in 155 pages
[    0.004000] Hierarchical RCU implementation.
[    0.004000] 	RCU restricting CPUs from NR_CPUS=8192 to nr_cpu_ids=2.
[    0.004000] 	Tasks RCU enabled.
[    0.004000] RCU: Adjusting geometry for rcu_fanout_leaf=16, nr_cpu_ids=2
[    0.004000] NR_IRQS: 524544, nr_irqs: 440, preallocated irqs: 16
[    0.004000] Console: colour VGA+ 80x25
[    0.004000] console [tty1] enabled
[    0.004000] console [ttyS0] enabled
[    0.004000] ACPI: Core revision 20170831
[    0.004000] ACPI: 2 ACPI AML tables successfully acquired and loaded
[    0.004000] APIC: Switch to symmetric I/O mode setup
[    0.004000] ..TIMER: vector=0x30 apic1=0 pin1=2 apic2=-1 pin2=-1
[    0.004000] tsc: Detected 1689.600 MHz processor
[    0.004000] Calibrating delay loop (skipped) preset value.. 3379.20 BogoMIPS (lpj=6758400)
[    0.004000] pid_max: default: 32768 minimum: 301
[    0.004000] Security Framework initialized
[    0.004000] Yama: becoming mindful.
[    0.004000] AppArmor: AppArmor initialized
[    0.004000] Dentry cache hash table entries: 131072 (order: 8, 1048576 bytes)
[    0.004000] Inode-cache hash table entries: 65536 (order: 7, 524288 bytes)
[    0.004000] Mount-cache hash table entries: 2048 (order: 2, 16384 bytes)
[    0.004000] Mountpoint-cache hash table entries: 2048 (order: 2, 16384 bytes)
[    0.004854] Last level iTLB entries: 4KB 0, 2MB 0, 4MB 0
[    0.008000] Last level dTLB entries: 4KB 0, 2MB 0, 4MB 0, 1GB 0
[    0.008000] Spectre V1 : Mitigation: usercopy/swapgs barriers and __user pointer sanitization
[    0.008000] Spectre V2 : Mitigation: Enhanced IBRS
[    0.008000] Spectre V2 : Spectre v2 / SpectreRSB mitigation: Filling RSB on context switch
[    0.008000] Speculative Store Bypass: Vulnerable
[    0.008000] Freeing SMP alternatives memory: 36K
[    0.117428] smpboot: CPU0: 11th Gen Intel(R) Core(TM) i7-1165G7 @ 2.80GHz (family: 0x6, model: 0x8c, stepping: 0x1)
[    0.120000] Performance Events: unsupported p6 CPU model 140 no PMU driver, software events only.
[    0.120000] Hierarchical SRCU implementation.
[    0.120000] NMI watchdog: Perf event create on CPU 0 failed with -2
[    0.120000] NMI watchdog: Perf NMI watchdog permanently disabled
[    0.120000] smp: Bringing up secondary CPUs ...
[    0.120000] x86: Booting SMP configuration:
[    0.120000] .... node  #0, CPUs:      #1
[    0.004000] kvm-clock: cpu 1, msr 0:3ff44041, secondary cpu clock
[    0.128000] TSC synchronization [CPU#0 -> CPU#1]:
[    0.128000] Measured 53781 cycles TSC warp between CPUs, turning off TSC clock.
[    0.128000] tsc: Marking TSC unstable due to check_tsc_sync_source failed
[    0.132082] smp: Brought up 1 node, 2 CPUs
[    0.135107] smpboot: Max logical packages: 1
[    0.136000] smpboot: Total of 2 processors activated (6758.40 BogoMIPS)
[    0.136450] devtmpfs: initialized
[    0.138391] x86/mm: Memory block size: 128MB
[    0.140000] evm: security.selinux
[    0.140000] evm: security.SMACK64
[    0.140000] evm: security.SMACK64EXEC
[    0.140000] evm: security.SMACK64TRANSMUTE
[    0.140000] evm: security.SMACK64MMAP
[    0.140000] evm: security.apparmor
[    0.140000] evm: security.ima
[    0.140000] evm: security.capability
[    0.140403] clocksource: jiffies: mask: 0xffffffff max_cycles: 0xffffffff, max_idle_ns: 7645041785100000 ns
[    0.144000] futex hash table entries: 512 (order: 3, 32768 bytes)
[    0.144000] pinctrl core: initialized pinctrl subsystem
[    0.144000] RTC time: 21:52:15, date: 02/19/23
[    0.144000] NET: Registered protocol family 16
[    0.144000] audit: initializing netlink subsys (disabled)
[    0.144000] audit: type=2000 audit(1676843540.926:1): state=initialized audit_enabled=0 res=1
[    0.148097] cpuidle: using governor ladder
[    0.150870] cpuidle: using governor menu
[    0.152000] ACPI: bus type PCI registered
[    0.152000] acpiphp: ACPI Hot Plug PCI Controller Driver version: 0.5
[    0.152000] PCI: Using configuration type 1 for base access
[    0.153599] HugeTLB registered 2.00 MiB page size, pre-allocated 0 pages
[    0.156498] ACPI: Added _OSI(Module Device)
[    0.158814] ACPI: Added _OSI(Processor Device)
[    0.160000] ACPI: Added _OSI(3.0 _SCP Extensions)
[    0.160000] ACPI: Added _OSI(Processor Aggregator Device)
[    0.160000] ACPI: Added _OSI(Linux-Dell-Video)
[    0.160000] ACPI: Added _OSI(Linux-Lenovo-NV-HDMI-Audio)
[    0.160000] ACPI: Added _OSI(Linux-HPI-Hybrid-Graphics)
[    0.160458] ACPI: Executed 1 blocks of module-level executable AML code
[    0.168008] ACPI: Interpreter enabled
[    0.170359] ACPI: (supports S0 S5)
[    0.172000] ACPI: Using IOAPIC for interrupt routing
[    0.172288] PCI: Using host bridge windows from ACPI; if necessary, use "pci=nocrs" and report a bug
[    0.176000] ACPI: Enabled 2 GPEs in block 00 to 07
[    0.182922] ACPI: PCI Root Bridge [PCI0] (domain 0000 [bus 00-ff])
[    0.184000] acpi PNP0A03:00: _OSC: OS supports [ASPM ClockPM Segments MSI]
[    0.184461] acpi PNP0A03:00: _OSC: not requesting OS control; OS requires [ExtendedConfig ASPM ClockPM MSI]
[    0.188000] acpi PNP0A03:00: fail to add MMCONFIG information, can't access extended PCI configuration space under this bridge.
[    0.188491] PCI host bridge to bus 0000:00
[    0.191361] pci_bus 0000:00: root bus resource [io  0x0000-0x0cf7 window]
[    0.192000] pci_bus 0000:00: root bus resource [io  0x0d00-0xffff window]
[    0.192000] pci_bus 0000:00: root bus resource [mem 0x000a0000-0x000bffff window]
[    0.192000] pci_bus 0000:00: root bus resource [mem 0x40000000-0xfdffffff window]
[    0.192000] pci_bus 0000:00: root bus resource [bus 00-ff]
[    0.195320] pci 0000:00:01.1: legacy IDE quirk: reg 0x10: [io  0x01f0-0x01f7]
[    0.196000] pci 0000:00:01.1: legacy IDE quirk: reg 0x14: [io  0x03f6]
[    0.196000] pci 0000:00:01.1: legacy IDE quirk: reg 0x18: [io  0x0170-0x0177]
[    0.196000] pci 0000:00:01.1: legacy IDE quirk: reg 0x1c: [io  0x0376]
[    0.211293] pci 0000:00:07.0: quirk: [io  0x4000-0x403f] claimed by PIIX4 ACPI
[    0.212000] pci 0000:00:07.0: quirk: [io  0x4100-0x410f] claimed by PIIX4 SMB
[    0.220000] ACPI: PCI Interrupt Link [LNKA] (IRQs 5 9 10 *11)
[    0.220318] ACPI: PCI Interrupt Link [LNKB] (IRQs 5 9 *10 11)
[    0.224000] ACPI: PCI Interrupt Link [LNKC] (IRQs 5 *9 10 11)
[    0.224000] ACPI: PCI Interrupt Link [LNKD] (IRQs 5 9 10 *11)
[    0.224000] SCSI subsystem initialized
[    0.224248] pci 0000:00:02.0: vgaarb: setting as boot VGA device
[    0.227480] pci 0000:00:02.0: vgaarb: VGA device added: decodes=io+mem,owns=io+mem,locks=none
[    0.228000] pci 0000:00:02.0: vgaarb: bridge control possible
[    0.228000] vgaarb: loaded
[    0.228000] ACPI: bus type USB registered
[    0.228000] usbcore: registered new interface driver usbfs
[    0.228000] usbcore: registered new interface driver hub
[    0.228000] usbcore: registered new device driver usb
[    0.228190] EDAC MC: Ver: 3.0.0
[    0.232400] PCI: Using ACPI for IRQ routing
[    0.236224] NetLabel: Initializing
[    0.238936] NetLabel:  domain hash size = 128
[    0.240000] NetLabel:  protocols = UNLABELED CIPSOv4 CALIPSO
[    0.240000] NetLabel:  unlabeled traffic allowed by default
[    0.240260] clocksource: Switched to clocksource kvm-clock
[    0.244000] VFS: Disk quotas dquot_6.6.0
[    0.244000] VFS: Dquot-cache hash table entries: 512 (order 0, 4096 bytes)
[    0.244000] AppArmor: AppArmor Filesystem Enabled
[    0.244000] pnp: PnP ACPI init
[    0.287209] pnp: PnP ACPI: found 3 devices
[    0.320418] clocksource: acpi_pm: mask: 0xffffff max_cycles: 0xffffff, max_idle_ns: 2085701024 ns
[    0.324369] NET: Registered protocol family 2
[    0.324369] IP idents hash table entries: 16384 (order: 5, 131072 bytes)
[    0.324369] TCP established hash table entries: 8192 (order: 4, 65536 bytes)
[    0.334506] TCP bind hash table entries: 8192 (order: 5, 131072 bytes)
[    0.334506] TCP: Hash tables configured (established 8192 bind 8192)
[    0.334506] UDP hash table entries: 512 (order: 2, 16384 bytes)
[    0.334506] UDP-Lite hash table entries: 512 (order: 2, 16384 bytes)
[    0.334506] NET: Registered protocol family 1
[    0.334506] pci 0000:00:00.0: Limiting direct PCI/PCI transfers
[    0.334506] pci 0000:00:01.0: Activating ISA DMA hang workarounds
[    0.334506] pci 0000:00:02.0: Video device with shadowed ROM at [mem 0x000c0000-0x000dffff]
[    0.334506] Unpacking initramfs...
[    0.334506] Freeing initrd memory: 19532K
[    0.334506] clocksource: tsc: mask: 0xffffffffffffffff max_cycles: 0x185ac6cdb26, max_idle_ns: 440795262339 ns
[    0.334506] platform rtc_cmos: registered platform RTC device (no PNP device found)
[    0.334506] Scanning for low memory corruption every 60 seconds
[    0.712424] Initialise system trusted keyrings
[    0.715042] Key type blacklist registered
[    0.717834] workingset: timestamp_bits=36 max_order=18 bucket_order=0
[    0.721650] zbud: loaded
[    0.721650] squashfs: version 4.0 (2009/01/31) Phillip Lougher
[    0.729614] fuse init (API version 7.26)
[    0.753118] Key type asymmetric registered
[    0.756912] Asymmetric key parser 'x509' registered
[    0.757057] Block layer SCSI generic (bsg) driver version 0.4 loaded (major 246)
[    0.765398] io scheduler noop registered
[    0.768088] io scheduler deadline registered
[    0.769237] io scheduler cfq registered (default)
[    0.774931] ACPI: AC Adapter [AC] (on-line)
[    0.777878] input: Power Button as /devices/LNXSYSTM:00/LNXPWRBN:00/input/input0
[    0.784192] ACPI: Power Button [PWRF]
[    0.787590] input: Sleep Button as /devices/LNXSYSTM:00/LNXSLPBN:00/input/input1
[    0.787951] ACPI: Sleep Button [SLPF]
[    0.801282] Serial: 8250/16550 driver, 32 ports, IRQ sharing enabled
[    0.801284] ACPI: Battery Slot [BAT0] (battery present)
[    0.836444] 00:02: ttyS0 at I/O 0x3f8 (irq = 4, base_baud = 115200) is a 16550A
[    0.840034] Linux agpgart interface v0.103
[    0.853056] loop: module loaded
[    0.859725] scsi host0: ata_piix
[    0.863983] scsi host1: ata_piix
[    0.866694] ata1: PATA max UDMA/33 cmd 0x1f0 ctl 0x3f6 bmdma 0xd000 irq 14
[    0.868173] ata2: PATA max UDMA/33 cmd 0x170 ctl 0x376 bmdma 0xd008 irq 15
[    0.876788] tun: Universal TUN/TAP device driver, 1.6
[    0.876788] PPP generic driver version 2.4.2
[    0.876788] ehci_hcd: USB 2.0 'Enhanced' Host Controller (EHCI) Driver
[    0.876788] ehci-pci: EHCI PCI platform driver
[    0.876788] ehci-platform: EHCI generic platform driver
[    0.876788] ohci_hcd: USB 1.1 'Open' Host Controller (OHCI) Driver
[    0.876788] ohci-pci: OHCI PCI platform driver
[    0.876788] ohci-platform: OHCI generic platform driver
[    0.876788] uhci_hcd: USB Universal Host Controller Interface driver
[    0.876788] i8042: PNP: PS/2 Controller [PNP0303:PS2K,PNP0f03:PS2M] at 0x60,0x64 irq 1,12
[    0.927591] serio: i8042 KBD port at 0x60,0x64 irq 1
[    0.930018] serio: i8042 AUX port at 0x60,0x64 irq 12
[    0.930018] mousedev: PS/2 mouse device common for all mice
[    0.945251] rtc_cmos rtc_cmos: rtc core: registered rtc_cmos as rtc0
[    0.947663] rtc_cmos rtc_cmos: alarms up to one day, 114 bytes nvram
[    0.947663] i2c /dev entries driver
[    0.947663] device-mapper: uevent: version 1.0.3
[    0.947663] device-mapper: ioctl: 4.37.0-ioctl (2017-09-20) initialised: dm-devel@redhat.com
[    0.973599] ledtrig-cpu: registered to indicate activity on CPUs
[    0.974310] input: AT Translated Set 2 keyboard as /devices/platform/i8042/serio0/input/input2
[    0.980039] NET: Registered protocol family 10
[    0.998174] Segment Routing with IPv6
[    1.002167] NET: Registered protocol family 17
[    1.007029] Key type dns_resolver registered
[    1.012199] mce: Using 0 MCE banks
[    1.015490] RAS: Correctable Errors collector initialized.
[    1.016010] sched_clock: Marking stable (1012010915, 0)->(1794694582, -782683667)
[    1.031476] registered taskstats version 1
[    1.035308] Loading compiled-in X.509 certificates
[    1.066412] Loaded X.509 cert 'Build time autogenerated kernel key: f114f3958ed3c37ba1924ca66ae8368f3c35b0e4'
[    1.075922] Loaded X.509 cert 'Canonical Ltd. Live Patch Signing: 14df34d1a87cf37625abec039ef2bf521249b969'
[    1.083771] Loaded X.509 cert 'Canonical Ltd. Kernel Module Signing: 88f752e560a1e0737e31163a466ad7b70a850c19'
[    1.092093] blacklist: Loading compiled-in revocation X.509 certificates
[    1.098800] Loaded X.509 cert 'Canonical Ltd. Secure Boot Signing: 61482aa2830d0ab2ad5af10b7250da9033ddcef0'
[    1.107768] zswap: loaded using pool lzo/zbud
[    1.118733] Key type big_key registered
[    1.121382] Key type trusted registered
[    1.126634] Key type encrypted registered
[    1.129313] AppArmor: AppArmor sha1 policy hashing enabled
[    1.134247] ima: No TPM chip found, activating TPM-bypass! (rc=-19)
[    1.139788] ima: Allocated hash algorithm: sha1
[    1.144081] evm: HMAC attrs: 0x1
[    1.147848]   Magic number: 11:969:904
[    1.152018] rtc_cmos rtc_cmos: setting system clock to 2023-02-19 21:52:16 UTC (1676843536)
[    1.176681] BIOS EDD facility v0.16 2004-Jun-25, 0 devices found
[    1.182529] EDD information not available.
[    1.190101] Freeing unused kernel image memory: 2472K
[    1.216438] Write protecting the kernel read-only data: 20480k
[    1.221859] Freeing unused kernel image memory: 2008K
[    1.226967] Freeing unused kernel image memory: 1824K
[    1.237967] x86/mm: Checked W+X mappings: passed, no W+X pages found.
Loading, please wait...
starting version 237
[    2.248376] e1000: Intel(R) PRO/1000 Network Driver - version 7.3.21-k8-NAPI
[    2.253820] e1000: Copyright (c) 1999-2006 Intel Corporation.
[    2.259483] Fusion MPT base driver 3.04.20
[    2.262917] Copyright (c) 1999-2008 LSI Corporation
[    2.313404] Fusion MPT SPI Host driver 3.04.20
[    2.538985] input: ImExPS/2 Generic Explorer Mouse as /devices/platform/i8042/serio1/input/input4
[    2.828272] e1000 0000:00:03.0 eth0: (PCI:33MHz:32-bit) 02:47:43:72:71:6b
[    2.833131] e1000 0000:00:03.0 eth0: Intel(R) PRO/1000 Network Connection
[    3.369013] e1000 0000:00:08.0 eth1: (PCI:33MHz:32-bit) 08:00:27:bd:a0:ff
[    3.374198] e1000 0000:00:08.0 eth1: Intel(R) PRO/1000 Network Connection
[    3.380371] e1000 0000:00:03.0 enp0s3: renamed from eth0
[    3.385446] mptbase: ioc0: Initiating bringup
[    3.396807] e1000 0000:00:08.0 enp0s8: renamed from eth1
[    4.315464] ioc0: LSI53C1030 A0: Capabilities={Initiator}
[    4.572019] scsi host2: ioc0: LSI53C1030 A0, FwRev=00000000h, Ports=1, MaxQ=256, IRQ=20
[    4.747597] scsi 2:0:0:0: Direct-Access     VBOX     HARDDISK         1.0  PQ: 0 ANSI: 5
[    4.795252] scsi target2:0:0: Beginning Domain Validation
[    4.804205] scsi target2:0:0: Domain Validation skipping write tests
[    4.807483] scsi target2:0:0: Ending Domain Validation
[    4.810378] scsi target2:0:0: asynchronous
[    4.813806] scsi 2:0:1:0: Direct-Access     VBOX     HARDDISK         1.0  PQ: 0 ANSI: 5
[    5.628530] scsi target2:0:1: Beginning Domain Validation
[    5.636345] scsi target2:0:1: Domain Validation skipping write tests
[    5.640970] scsi target2:0:1: Ending Domain Validation
[    5.644337] scsi target2:0:1: asynchronous
[    5.654293] sd 2:0:0:0: [sda] 83886080 512-byte logical blocks: (42.9 GB/40.0 GiB)
[    5.658453] sd 2:0:0:0: [sda] Write Protect is off
[    5.661041] sd 2:0:0:0: Attached scsi generic sg0 type 0
[    5.664533] sd 2:0:1:0: [sdb] 20480 512-byte logical blocks: (10.5 MB/10.0 MiB)
[    5.668452] sd 2:0:1:0: [sdb] Write Protect is off
[    5.671181] sd 2:0:0:0: [sda] Incomplete mode parameter data
[    5.674136] sd 2:0:0:0: [sda] Assuming drive cache: write through
[    5.677689] sd 2:0:1:0: Attached scsi generic sg1 type 0
[    5.681429] sd 2:0:1:0: [sdb] Incomplete mode parameter data
[    5.685206] sd 2:0:1:0: [sdb] Assuming drive cache: write through
[    5.694398]  sda: sda1
[    5.697218] sd 2:0:1:0: [sdb] Attached SCSI disk
[    5.702114] sd 2:0:0:0: [sda] Attached SCSI disk
Begin: Loading essential drivers ... [    7.592462] raid6: sse2x1   gen() 16250 MB/s
[    7.640306] raid6: sse2x1   xor() 10373 MB/s
[    7.688339] raid6: sse2x2   gen() 21902 MB/s
[    7.736004] raid6: sse2x2   xor() 14136 MB/s
[    7.783990] raid6: sse2x4   gen() 22757 MB/s
[    7.831994] raid6: sse2x4   xor() 13338 MB/s
[    7.835518] raid6: using algorithm sse2x4 gen() 22757 MB/s
[    7.838855] raid6: .... xor() 13338 MB/s, rmw enabled
[    7.841942] raid6: using ssse3x2 recovery algorithm
[    7.846911] xor: measuring software checksum speed
[    7.888328]    prefetch64-sse: 25203.000 MB/sec
[    7.928379]    generic_sse: 23174.000 MB/sec
[    7.931638] xor: using function: prefetch64-sse (25203.000 MB/sec)
[    7.937444] async_tx: api initialized (async)
done.
Begin: Running /scripts/init-premount ... done.
Begin: Mounting root file system ... Begin: Running /scripts/local-top ... done.
Begin: Running /scripts/local-premount ... [    7.986788] Btrfs loaded, crc32c=crc32c-intel
Scanning for Btrfs filesystems
done.
Warning: fsck not present, so skipping root file system
[    8.034323] EXT4-fs (sda1): mounted filesystem with ordered data mode. Opts: (null)
done.
Begin: Running /scripts/local-bottom ... done.
Begin: Running /scripts/init-bottom ... done.
[    8.220384] ip_tables: (C) 2000-2006 Netfilter Core Team
[    8.235571] systemd[1]: systemd 237 running in system mode. (+PAM +AUDIT +SELINUX +IMA +APPARMOR +SMACK +SYSVINIT +UTMP +LIBCRYPTSETUP +GCRYPT +GNUTLS +ACL +XZ +LZ4 +SECCOMP +BLKID +ELFUTILS +KMOD -IDN2 +IDN -PCRE2 default-hierarchy=hybrid)
[    8.249054] systemd[1]: Detected virtualization oracle.
[    8.253234] systemd[1]: Detected architecture x86-64.

Welcome to [1mUbuntu 18.04.6 LTS[0m!

[    8.279786] systemd[1]: Set hostname to <ubuntu>.
[    8.289419] random: systemd: uninitialized urandom read (16 bytes read)
[    8.294638] systemd[1]: Initializing machine ID from random generator.
[    8.298559] systemd[1]: Installed transient /etc/machine-id file.
[    8.566696] random: systemd: uninitialized urandom read (16 bytes read)
[    8.571704] systemd[1]: Reached target Mounting snaps.
[[0;32m  OK  [0m] Reached target Mounting snaps.
[    8.576226] random: systemd: uninitialized urandom read (16 bytes read)
[    8.586972] systemd[1]: Created slice System Slice.
[[0;32m  OK  [0m] Created slice System Slice.
[    8.591026] systemd[1]: Listening on Device-mapper event daemon FIFOs.
[[0;32m  OK  [0m] Listening on Device-mapper event daemon FIFOs.
[    8.596068] systemd[1]: Listening on Syslog Socket.
[[0;32m  OK  [0m] Listening on Syslog Socket.
[[0;32m  OK  [0m] Reached target Swap.
[[0;32m  OK  [0m] Listening on LVM2 poll daemon socket.
[[0;32m  OK  [0m] Listening on udev Control Socket.
[[0;32m  OK  [0m] Listening on Network Service Netlink Socket.
[[0;32m  OK  [0m] Reached target User and Group Name Lookups.
[[0;32m  OK  [0m] Reached target System Time Synchronized.
[[0;32m  OK  [0m] Listening on Journal Audit Socket.
[[0;32m  OK  [0m] Listening on Journal Socket (/dev/log).
[[0;32m  OK  [0m] Listening on /dev/initctl Compatibility Named Pipe.
[[0;32m  OK  [0m] Set up automount Arbitrary Executabâ€¦rmats File System Automount Point.
[[0;32m  OK  [0m] Started Forward Password Requests to Wall Directory Watch.
[[0;32m  OK  [0m] Listening on udev Kernel Socket.
[[0;32m  OK  [0m] Created slice User and Session Slice.
[[0;32m  OK  [0m] Listening on LVM2 metadata daemon socket.
[[0;32m  OK  [0m] Created slice system-serial\x2dgetty.slice.
[[0;32m  OK  [0m] Listening on fsck to fsckd communication Socket.
[[0;32m  OK  [0m] Reached target Slices.
[[0;32m  OK  [0m] Listening on Journal Socket.
         Starting Load Kernel Modules...
         Mounting Kernel Debug File System...
         Starting File System Check on Root Device...
         Starting Monitoring of LVM2 mirrorsâ€¦ng dmeventd or progress polling...
         Mounting POSIX Message Queue File System...
         Starting Create list of required stâ€¦ce nodes for the current kernel...
         Mounting Huge Pages File System...
         Starting Uncomplicated firewall...
         Starting Set the console keyboard layout...
         Starting udev Coldplug all Devices...
[    8.663186] Loading iSCSI transport class v2.0-870.
         Starting Journal Service...
[[0;32m  OK  [0m] Reached target Mounted snaps.
[[0;32m  OK  [0m] Started File System Check Daemon to report status.
[[0;32m  OK  [0m] Started Create list of required staâ€¦vice nodes for the current kernel.
[    9.297157] random: systemd: uninitialized urandom read (16 bytes read)
         Starting Create Static Device Nodes in /dev...
[[0;32m  OK  [0m] Started Uncomplicated firewall.
[[0;32m  OK  [0m] Mounted Kernel Debug File System.
[[0;32m  OK  [0m] Mounted POSIX Message Queue File System.
[[0;32m  OK  [0m] Mounted Huge Pages File System.
[[0;32m  OK  [0m] Started udev Coldplug all Devices.
[    9.368395] random: systemd-journal: uninitialized urandom read (16 bytes read)
[    9.380344] random: systemd-journal: uninitialized urandom read (16 bytes read)
[[0;32m  OK  [0m] Started Journal Service.
[[0;32m  OK  [0m] Started File System Check on Root Device.
         Starting Remount Root and Kernel File Systems...
[[0;32m  OK  [0m] Started LVM2 metadata daemon.
[[0;32m  OK  [0m] Started Create Static Device Nodes in /dev.
[    9.446763] iscsi: registered transport (tcp)
[    9.472139] iscsi: registered transport (iser)
[[0;32m  OK  [0m] Started Load Kernel Modules.
         Mounting FUSE Control File System...
         Starting Apply Kernel Variables...
         Mounting Kernel Configuration File System...
[[0;32m  OK  [0m] Mounted FUSE Control File System.
[    9.509441] EXT4-fs (sda1): re-mounted. Opts: (null)
[[0;32m  OK  [0m] Started Remount Root and Kernel File Systems.
[[0;32m  OK  [0m] Mounted Kernel Configuration File System.
         Starting Flush Journal to Persistent Storage...
         Starting Load/Save Random Seed...
         Starting udev Kernel Device Manager...
[[0;32m  OK  [0m] Started Monitoring of LVM2 mirrors,â€¦sing dmeventd or progress polling.
[[0;32m  OK  [0m] Started Apply Kernel Variables.
[[0;32m  OK  [0m] Started Load/Save Random Seed.
[[0;32m  OK  [0m] Started udev Kernel Device Manager.
[[0;32m  OK  [0m] Started Flush Journal to Persistent Storage.
[[0;32m  OK  [0m] Found device /dev/ttyS0.
[[0;32m  OK  [0m] Listening on Load/Save RF Kill Switch Status /dev/rfkill Watch.
[[0;32m  OK  [0m] Started Set the console keyboard layout.
[[0;32m  OK  [0m] Started Dispatch Password Requests to Console Directory Watch.
[[0;32m  OK  [0m] Reached target Local Encrypted Volumes.
[[0;32m  OK  [0m] Reached target Local File Systems (Pre).
[[0;32m  OK  [0m] Reached target Local File Systems.
         Starting Commit a transient machine-id on disk...
         Starting AppArmor initialization...
         Starting Tell Plymouth To Write Out Runtime Data...
         Starting Set console font and keymap...
         Starting Create Volatile Files and Directories...
         Starting ebtables ruleset management...
[[0;32m  OK  [0m] Started Tell Plymouth To Write Out Runtime Data.
[[0;32m  OK  [0m] Started Create Volatile Files and Directories.
         Starting Update UTMP about System Boot/Shutdown...
         Mounting Arbitrary Executable File Formats File System...
[[0;32m  OK  [0m] Started Update UTMP about System Boot/Shutdown.
[[0;32m  OK  [0m] Started Commit a transient machine-id on disk.
[[0;32m  OK  [0m] Mounted Arbitrary Executable File Formats File System.
[[0;32m  OK  [0m] Started ebtables ruleset management.
[[0;32m  OK  [0m] Started AppArmor initialization.
         Starting Load AppArmor profiles managed internally by snapd...
         Starting Initial cloud-init job (pre-networking)...
[[0;32m  OK  [0m] Started Load AppArmor profiles managed internally by snapd.
[[0;32m  OK  [0m] Started Set console font and keymap.
[   20.187324] cloud-init[769]: Cloud-init v. 22.4.2-0ubuntu0~18.04.1 running 'init-local' at Sun, 19 Feb 2023 21:52:35 +0000. Up 19.80 seconds.
[[0;32m  OK  [0m] Started Initial cloud-init job (pre-networking).
[[0;32m  OK  [0m] Reached target Network (Pre).
         Starting Network Service...
[[0;32m  OK  [0m] Started Network Service.
         Starting Network Name Resolution...
         Starting Wait for Network to be Configured...
[[0;32m  OK  [0m] Started Network Name Resolution.
[[0;32m  OK  [0m] Reached target Host and Network Name Lookups.
[[0;32m  OK  [0m] Reached target Network.
[[0;32m  OK  [0m] Started Wait for Network to be Configured.
         Starting Initial cloud-init job (metadata service crawler)...
[   22.388266] cloud-init[917]: Cloud-init v. 22.4.2-0ubuntu0~18.04.1 running 'init' at Sun, 19 Feb 2023 21:52:37 +0000. Up 22.30 seconds.
[   22.393236] cloud-init[917]: ci-info: ++++++++++++++++++++++++++++++++++++++Net device info+++++++++++++++++++++++++++++++++++++++
[   22.396429] cloud-init[917]: ci-info: +--------+-------+----------------------------+---------------+--------+-------------------+
[   22.399493] cloud-init[917]: ci-info: | Device |   Up  |          Address           |      Mask     | Scope  |     Hw-Address    |
[   22.402698] cloud-init[917]: ci-info: +--------+-------+----------------------------+---------------+--------+-------------------+
[   22.406115] cloud-init[917]: ci-info: | enp0s3 |  True |         10.0.2.15          | 255.255.255.0 | global | 02:47:43:72:71:6b |
[   22.409732] cloud-init[917]: ci-info: | enp0s3 |  True | fe80::47:43ff:fe72:716b/64 |       .       |  link  | 02:47:43:72:71:6b |
[   22.413456] cloud-init[917]: ci-info: | enp0s8 | False |             .              |       .       |   .    | 08:00:27:bd:a0:ff |
[   22.416089] cloud-init[917]: ci-info: |   lo   |  True |         127.0.0.1          |   255.0.0.0   |  host  |         .         |
[   22.419326] cloud-init[917]: ci-info: |   lo   |  True |          ::1/128           |       .       |  host  |         .         |
[   22.423020] cloud-init[917]: ci-info: +--------+-------+----------------------------+---------------+--------+-------------------+
[   22.426422] cloud-init[917]: ci-info: ++++++++++++++++++++++++++++Route IPv4 info+++++++++++++++++++++++++++++
[   22.430433] cloud-init[917]: ci-info: +-------+-------------+----------+-----------------+-----------+-------+
[   22.433846] cloud-init[917]: ci-info: | Route | Destination | Gateway  |     Genmask     | Interface | Flags |
[   22.436728] cloud-init[917]: ci-info: +-------+-------------+----------+-----------------+-----------+-------+
[   22.439404] cloud-init[917]: ci-info: |   0   |   0.0.0.0   | 10.0.2.2 |     0.0.0.0     |   enp0s3  |   UG  |
[   22.442164] cloud-init[917]: ci-info: |   1   |   10.0.2.0  | 0.0.0.0  |  255.255.255.0  |   enp0s3  |   U   |
[   22.445051] cloud-init[917]: ci-info: |   2   |   10.0.2.2  | 0.0.0.0  | 255.255.255.255 |   enp0s3  |   UH  |
[   22.447852] cloud-init[917]: ci-info: +-------+-------------+----------+-----------------+-----------+-------+
[   22.450564] cloud-init[917]: ci-info: +++++++++++++++++++Route IPv6 info+++++++++++++++++++
[   22.453014] cloud-init[917]: ci-info: +-------+-------------+---------+-----------+-------+
[   22.455341] cloud-init[917]: ci-info: | Route | Destination | Gateway | Interface | Flags |
[   22.460407] cloud-init[917]: ci-info: +-------+-------------+---------+-----------+-------+
[   22.472350] cloud-init[917]: ci-info: |   1   |  fe80::/64  |    ::   |   enp0s3  |   U   |
[   22.474479] cloud-init[917]: ci-info: |   3   |    local    |    ::   |   enp0s3  |   U   |
[   22.476420] cloud-init[917]: ci-info: |   4   |   ff00::/8  |    ::   |   enp0s3  |   U   |
[   22.478846] cloud-init[917]: ci-info: +-------+-------------+---------+-----------+-------+
[   23.303041] cloud-init[917]: Generating public/private rsa key pair.
[[0;32m  OK  [0m] Started Initial cloud-init job (metadata service crawler).
[[0;32m  OK  [0m] Reached target Cloud-config availability.
[[0;32m  OK  [0m] Reached target System Initialization.
[[0;32m  OK  [0m] Listening on cloud-init hotplug hook socket.
[   23.349428] cloud-init[917]: Your identification has been saved in /etc/ssh/ssh_host_rsa_key.
[[0;32m  OK  [0m] Listening on D-Bus System Message Bus Socket.
[[0;32m  OK  [0m] Listening on Open-iSCSI iscsid Socket.
[   23.362120] cloud-init[917]: Your public key has been saved in /etc/ssh/ssh_host_rsa_key.pub.
[   23.367185] cloud-init[917]: The key fingerprint is:
[   23.369710]          cloud-initStarting LXD - unix socket.[917]: 
SHA256:zR1POifV4QqoT9RtkmP/mGcqponiZJCq4oC5K4FSgbs root@ubuntu-bionic
[[0;32m  OK  [0m] Listening on ACPID Listen Socket.
[[0;32m  OK  [0m] Started Discard unused blocks once a week.
[[0;32m  OK  [0m] Listening on UUID daemon activation socket.
[[0;32m  OK  [0m] Started Daily apt download activities.
[[0;32m  OK  [0m] Started Daily apt upgrade and clean activities.
[[0;32m  OK  [0m] Started Ubuntu Advantage Timer for running repeated jobs.
[[0;32m  OK  [0m] Started Message of the Day.
[[0;32m  OK  [0m] Started Daily Cleanup of Temporary Directories.
[[0;32m  OK  [0m] Reached target Timers.
[   23.385206] cloud-init[917]: The key's randomart image is:
[   23.414250] cloud-init[917]: +---[RSA 2048]----+
[[0;32m  OK  [0m] Started ACPI Events Check.
[[0;32m  OK  [0m] Reached target Paths.
         Starting Socket activation for snappy daemon.
[[0;32m  OK  [0m] Reached target Network is Online.
[   23.423167] cloud-init[917]: | .             . |
[[0;32m  OK  [0m] Reached target Remote File Systems (Pre).
[[0;32m  OK  [0m] Reached target Remote File Systems.
[   23.446385] cloud-init[917]: |. .       o o ...|
[   23.453495]          cloud-initStarting Availability of block devices...[917]: 
| . .     o B.oo..|
[[0;32m  OK  [0m] Listening on LXD - unix socket.
[   23.458626] cloud-init[917]: |. . .   oo..**.  |
[[0;32m  OK  [0m] Listening on Socket activation for snappy daemon.
[   23.462336] cloud-init[917]: |.o o   .S.o =oo  |
[   23.466837] [cloud-init[0;32m  OK  [0m[917]: ] |E.. .   o    ++  |Started Availability of block devices.

[   23.470081] cloud-init[917]: |=o   o   .   o + |
[[0;32m  OK  [0m] Reached target Sockets.
[[   23.470174] [0;32m  OK  [0mcloud-init] [917]: Reached target Basic System.|=.  o.  . .o  +  |

[   23.475351]          cloud-initStarting Dispatcher daemon for systemd-networkd...[917]: 
|Bo  .... oo ..   |
[   23.488556]          cloud-initStarting Virtualbox guest utils...[917]: +----[SHA256]-----+

[   23.492878] cloud-init[917]: Generating public/private dsa key pair.
[   23.495756] cloud-init[917]: Your identification has been saved in /etc/ssh/ssh_host_dsa_key.
         Starting Pollinate to seed the pseudo random number generator...
[   23.495829] cloud-init[917]: Your public key has been saved in /etc/ssh/ssh_host_dsa_key.pub.
[   23.505571] cloud-init[917]: The key fingerprint is:
[   23.507943] cloud-init[917]: SHA256:s3YqG0ZfimcuX9FsQQtsmSJcdulP7k0uYewBkcllQoQ root@ubuntu-bionic
[   23.516919] cloud-init[917]: The key's randomart image is:
[   23.542445] cloud-init[917]: +---[DSA 1024]----+
[   23.544468] cloud-init[917]: |     . .o**B+    |
[   23.546317] cloud-init[917]: |      o.E.@= .   |
[[0;32m  OK  [0m] Started Regular background program processing daemon.
[   23.554002] cloud-init[917]: |       . + .o    |
[   23.562014] cloud-init[917]: |          oo..   |
         Starting LSB: Record successful boot for GRUB...
[   23.589312] cloud-init[917]: |      . S o*+    |
         Starting System Logging Service...
[   23.601852] cloud-init[917]: |     . o = oB .  |
[   23.624456]          cloud-initStarting LXD - container startup/shutdown...[917]: 
|      + B o+ *   |
[[0;32m  OK  [0m] Started D-Bus System Message Bus.
[   23.637734] cloud-init[917]: |     .o* +  + o  |
[   23.641170] cloud-init[917]: |      .=+    .   |
[   23.643298] cloud-init[917]: +----[SHA256]-----+
[   23.648104] cloud-init[917]: Generating public/private ecdsa key pair.
[   23.651678] cloud-init[917]: Your identification has been saved in /etc/ssh/ssh_host_ecdsa_key.
[   23.654378] cloud-init[917]: Your public key has been saved in /etc/ssh/ssh_host_ecdsa_key.pub.
[   23.657212] cloud-init[917]: The key fingerprint is:
[   23.658882] cloud-init[917]: SHA256:J0lKa/lA1wRJII1TsGSAb/shb9knlCrYuMi6gfj+mUA root@ubuntu-bionic
[   23.661684] cloud-init[917]: The key's randomart image is:
[   23.663884] cloud-init[917]: +---[ECDSA 256]---+
[   23.669397] cloud-init[917]: | ...==oooo.      |
[   23.671305] cloud-init[917]: |.  ooo. .o       |
[   23.673629] cloud-init[917]: | .  ..o o .      |
[   23.675731] cloud-init[917]: |  o  o * .       |
[   23.677298] cloud-init[917]: | .E.  *.S .      |
[   23.678954] cloud-init[917]: |o.o ..oo o       |
[   23.680674] cloud-init[917]: |++.+ *  .        |
[   23.682415] cloud-init[917]: |=oo.*oo .        |
[   23.683917] cloud-init[917]: |*=o++  o         |
[   23.685838] cloud-init[917]: +----[SHA256]-----+
[   23.687412] cloud-init[917]: Generating public/private ed25519 key pair.
[   23.689538] cloud-init[917]: Your identification has been saved in /etc/ssh/ssh_host_ed25519_key.
[   23.692564] cloud-init[917]: Your public key has been saved in /etc/ssh/ssh_host_ed25519_key.pub.
[   23.695572] cloud-init[917]: The key fingerprint is:
[   23.697341] cloud-init[917]: SHA256:kPSzs78Kqp073xO/TRjOC271RmjJOj7DdwECJDMDptg root@ubuntu-bionic
[   23.700285] cloud-init[917]: The key's randomart image is:
[   23.702162] cloud-init[917]: +--[ED25519 256]--+
[   23.703771] cloud-init[917]: |  o.=.o          |
[   23.705540] cloud-init[917]: |.+   *.o         |
[   23.707277] cloud-init[917]: |o E   o.o        |
[   23.709026] cloud-init[917]: |       ..o.      |
[   23.710837] cloud-init[917]: |        So.+     |
[   23.712331] cloud-init[917]: |        .=*oo    |
[   23.713967] cloud-init[917]: |      ..o*+o..   |
[   23.715463] cloud-init[917]: |   ..o +Ooo++    |
[   23.717583] cloud-init[917]: |  ..=+.o=B==.    |
[   23.719181] cloud-init[917]: +----[SHA256]-----+
         Starting Snap Daemon...
[[0;32m  OK  [0m] Reached target Login Prompts (Pre).
[[0;32m  OK  [0m] Started FUSE filesystem for LXC.
[[0;32m  OK  [0m] Started irqbalance daemon.
         Starting Accounts Service...
         Starting Permit User Sessions...
[[0;32m  OK  [0m] Started Deferred execution scheduler.
         Starting Login Service...
         Starting LSB: automatic crash report generation...
[[0;32m  OK  [0m] Started System Logging Service.
[[0;32m  OK  [0m] Started Dispatcher daemon for systemd-networkd.
[[0;32m  OK  [0m] Started LXD - container startup/shutdown.
[[0;32m  OK  [0m] Started Permit User Sessions.
         Starting Terminate Plymouth Boot Screen...
         Starting Hold until boot process finishes up...
[[0;32m  OK  [0m] Started Terminate Plymouth Boot Screen.
[[0;32m  OK  [0m] Started Hold until boot process finishes up.
         Starting Authorization Manager...
[[0;32m  OK  [0m] Started Serial Getty on ttyS0.
         Starting Set console scheme...
[[0;32m  OK  [0m] Started Login Service.
[[0;32m  OK  [0m] Started Unattended Upgrades Shutdown.
[[0;32m  OK  [0m] Started Set console scheme.
[[0;32m  OK  [0m] Started LSB: Record successful boot for GRUB.
[[0;32m  OK  [0m] Created slice system-getty.slice.
[[0;32m  OK  [0m] Started Getty on tty1.
[[0;32m  OK  [0m] Reached target Login Prompts.
[[0;32m  OK  [0m] Started LSB: automatic crash report generation.
[[0;32m  OK  [0m] Started Authorization Manager.
[[0;32m  OK  [0m] Started Accounts Service.
[[0;32m  OK  [0m] Started Virtualbox guest utils.
[[0;32m  OK  [0m] Started Pollinate to seed the pseudo random number generator.
         Starting OpenBSD Secure Shell server...

Ubuntu 18.04.6 LTS ubuntu-bionic ttyS0

ubuntu-bionic login: [   34.174581] cloud-init[1780]: Cloud-init v. 22.4.2-0ubuntu0~18.04.1 running 'modules:config' at Sun, 19 Feb 2023 21:52:48 +0000. Up 33.46 seconds.
ci-info: no authorized SSH keys fingerprints found for user ubuntu.
<14>Feb 19 21:52:50 cloud-init: #############################################################
<14>Feb 19 21:52:50 cloud-init: -----BEGIN SSH HOST KEY FINGERPRINTS-----
<14>Feb 19 21:52:50 cloud-init: 1024 SHA256:s3YqG0ZfimcuX9FsQQtsmSJcdulP7k0uYewBkcllQoQ root@ubuntu-bionic (DSA)
<14>Feb 19 21:52:50 cloud-init: 256 SHA256:J0lKa/lA1wRJII1TsGSAb/shb9knlCrYuMi6gfj+mUA root@ubuntu-bionic (ECDSA)
<14>Feb 19 21:52:50 cloud-init: 256 SHA256:kPSzs78Kqp073xO/TRjOC271RmjJOj7DdwECJDMDptg root@ubuntu-bionic (ED25519)
<14>Feb 19 21:52:50 cloud-init: 2048 SHA256:zR1POifV4QqoT9RtkmP/mGcqponiZJCq4oC5K4FSgbs root@ubuntu-bionic (RSA)
<14>Feb 19 21:52:50 cloud-init: -----END SSH HOST KEY FINGERPRINTS-----
<14>Feb 19 21:52:50 cloud-init: #############################################################
-----BEGIN SSH HOST KEY KEYS-----
ecdsa-sha2-nistp256 AAAAE2VjZHNhLXNoYTItbmlzdHAyNTYAAAAIbmlzdHAyNTYAAABBBEO8LE/Z2AbyNjfgnAzrQDtpf7cPKa19bgNHkgvHRw8s7SGBlbfYweJRFE9ikwlQ8HvItDhEy+p1cIgFNVSLLJE= root@ubuntu-bionic
ssh-ed25519 AAAAC3NzaC1lZDI1NTE5AAAAIM0D2T/vr0+PcoY+OZt6E6rlM5sT2Q2e0Ba2CTdS0r2U root@ubuntu-bionic
ssh-rsa AAAAB3NzaC1yc2EAAAADAQABAAABAQDopb+QhjcckIuuj3KsJiD33XsEsdkoZbbUUlImk5BYmIq6qE/LgwIF+AItqDgvv4ddsBkvo5Hc8OzU3hthxMmOhJ1MQI4Tq9yUfv++KTOyrqglNseb7yniLIMZrKUhcesfPTqtgQkPerUJWE7gljpCL2wU0uOlZuB2XBRmN5KHgIFxLf0gMyZ1TykiP3HAUN9m9oW5rNkfQFzr44T1tQuXQ4ZUniKhg7RccDEYBilDqqhvea53APzBQYrs+hVpR9fGb0CiZ7pwmVfbTroL5QBlpwF0+F4CNtJYu8v6GKhyLNl5vTub/uE4q3DEvvEpUeW6oPtq6a1eT4/WCYcd3c5l root@ubuntu-bionic
-----END SSH HOST KEY KEYS-----
[   34.845067] cloud-init[1845]: Cloud-init v. 22.4.2-0ubuntu0~18.04.1 running 'modules:final' at Sun, 19 Feb 2023 21:52:49 +0000. Up 34.62 seconds.
[   34.845170] cloud-init[1845]: Cloud-init v. 22.4.2-0ubuntu0~18.04.1 finished at Sun, 19 Feb 2023 21:52:50 +0000. Datasource DataSourceNoCloud [seed=/dev/sdb][dsmode=net].  Up 34.83 seconds
